Component: Arm Compiler for Embedded 6.24 Tool: armlink [5f371500]

==============================================================================

Section Cross References

    startup_stm32f401xe.o(RESET) refers to startup_stm32f401xe.o(STACK) for __initial_sp
    startup_stm32f401xe.o(RESET) refers to startup_stm32f401xe.o(.text) for Reset_Handler
    startup_stm32f401xe.o(RESET) refers to stm32f4xx_it.o(.text.NMI_Handler) for NMI_Handler
    startup_stm32f401xe.o(RESET) refers to stm32f4xx_it.o(.text.HardFault_Handler) for HardFault_Handler
    startup_stm32f401xe.o(RESET) refers to stm32f4xx_it.o(.text.MemManage_Handler) for MemManage_Handler
    startup_stm32f401xe.o(RESET) refers to stm32f4xx_it.o(.text.BusFault_Handler) for BusFault_Handler
    startup_stm32f401xe.o(RESET) refers to stm32f4xx_it.o(.text.UsageFault_Handler) for UsageFault_Handler
    startup_stm32f401xe.o(RESET) refers to stm32f4xx_it.o(.text.SVC_Handler) for SVC_Handler
    startup_stm32f401xe.o(RESET) refers to stm32f4xx_it.o(.text.DebugMon_Handler) for DebugMon_Handler
    startup_stm32f401xe.o(RESET) refers to stm32f4xx_it.o(.text.PendSV_Handler) for PendSV_Handler
    startup_stm32f401xe.o(RESET) refers to stm32f4xx_it.o(.text.SysTick_Handler) for SysTick_Handler
    startup_stm32f401xe.o(RESET) refers to stm32f4xx_it.o(.text.USART2_IRQHandler) for USART2_IRQHandler
    startup_stm32f401xe.o(.text) refers to system_stm32f4xx.o(.text.SystemInit) for SystemInit
    startup_stm32f401xe.o(.text) refers to entry.o(.ARM.Collect$$$$00000000) for __main
    main.o(.text.main) refers to stm32f4xx_hal.o(.text.HAL_Init) for HAL_Init
    main.o(.text.main) refers to main.o(.text.SystemClock_Config) for SystemClock_Config
    main.o(.text.main) refers to gpio.o(.text.MX_GPIO_Init) for MX_GPIO_Init
    main.o(.text.main) refers to usart.o(.text.MX_USART2_UART_Init) for MX_USART2_UART_Init
    main.o(.text.main) refers to crc.o(.text.MX_CRC_Init) for MX_CRC_Init
    main.o(.text.main) refers to fsm_controller.o(.text.FSM_Init) for FSM_Init
    main.o(.text.main) refers to infer_engine.o(.text.InferEngine_Init) for InferEngine_Init
    main.o(.text.main) refers to strlen.o(.text) for strlen
    main.o(.text.main) refers to usart.o(.bss.huart2) for huart2
    main.o(.text.main) refers to stm32f4xx_hal_uart.o(.text.HAL_UART_Transmit) for HAL_UART_Transmit
    main.o(.text.main) refers to main.o(.bss.probability) for probability
    main.o(.text.main) refers to main.o(.bss.my_vehicle_state) for my_vehicle_state
    main.o(.text.main) refers to main.o(.data.tx_flag) for tx_flag
    main.o(.text.main) refers to infer_engine.o(.bss.result_buffer) for result_buffer
    main.o(.text.main) refers to main.o(.bss.tx_buffer) for tx_buffer
    main.o(.text.main) refers to main.o(.bss.live_camera_frame) for live_camera_frame
    main.o(.text.main) refers to sensor_sim.o(.text.SensorSim_CaptureDynamicFrame) for SensorSim_CaptureDynamicFrame
    main.o(.text.main) refers to fsm_controller.o(.text.FSM_Update) for FSM_Update
    main.o(.text.main) refers to printf6.o(i.__0snprintf$6) for __2snprintf
    main.o(.text.main) refers to fsm_controller.o(.text.FSM_GetState) for FSM_GetState
    main.o(.text.main) refers to stm32f4xx_hal_uart.o(.text.HAL_UART_Transmit_IT) for HAL_UART_Transmit_IT
    main.o(.text.main) refers to stm32f4xx_hal.o(.text.HAL_Delay) for HAL_Delay
    main.o(.ARM.exidx.text.main) refers to main.o(.text.main) for [Anonymous Symbol]
    main.o(.text.SystemClock_Config) refers to memseta.o(.text) for __aeabi_memclr4
    main.o(.text.SystemClock_Config) refers to stm32f4xx_hal_rcc.o(.text.HAL_RCC_OscConfig) for HAL_RCC_OscConfig
    main.o(.text.SystemClock_Config) refers to stm32f4xx_hal_rcc.o(.text.HAL_RCC_ClockConfig) for HAL_RCC_ClockConfig
    main.o(.ARM.exidx.text.SystemClock_Config) refers to main.o(.text.SystemClock_Config) for [Anonymous Symbol]
    main.o(.ARM.exidx.text.Error_Handler) refers to main.o(.text.Error_Handler) for [Anonymous Symbol]
    main.o(.text.UART_Print) refers to strlen.o(.text) for strlen
    main.o(.text.UART_Print) refers to usart.o(.bss.huart2) for huart2
    main.o(.text.UART_Print) refers to stm32f4xx_hal_uart.o(.text.HAL_UART_Transmit) for HAL_UART_Transmit
    main.o(.ARM.exidx.text.UART_Print) refers to main.o(.text.UART_Print) for [Anonymous Symbol]
    main.o(.text.HAL_UART_TxCpltCallback) refers to main.o(.data.tx_flag) for tx_flag
    main.o(.ARM.exidx.text.HAL_UART_TxCpltCallback) refers to main.o(.text.HAL_UART_TxCpltCallback) for [Anonymous Symbol]
    main.o(.text.fputc) refers to usart.o(.bss.huart2) for huart2
    main.o(.text.fputc) refers to stm32f4xx_hal_uart.o(.text.HAL_UART_Transmit) for HAL_UART_Transmit
    main.o(.ARM.exidx.text.fputc) refers to main.o(.text.fputc) for [Anonymous Symbol]
    gpio.o(.ARM.exidx.text.MX_GPIO_Init) refers to gpio.o(.text.MX_GPIO_Init) for [Anonymous Symbol]
    crc.o(.text.MX_CRC_Init) refers to crc.o(.bss.hcrc) for hcrc
[...]
    _fc_Gemm_output_0_layer                  0x20000c4c   Data          28  ob_model.o(.data._fc_Gemm_output_0_layer)
    [Anonymous Symbol]                       0x20000c4c   Section        0  ob_model.o(.data._fc_Gemm_output_0_layer)
    _fc_Gemm_output_0_output                 0x20000c68   Data          28  ob_model.o(.data._fc_Gemm_output_0_output)
    [Anonymous Symbol]                       0x20000c68   Section        0  ob_model.o(.data._fc_Gemm_output_0_output)
    _fc_Gemm_output_0_output_array           0x20000c84   Data          16  ob_model.o(.data._fc_Gemm_output_0_output_array)
    [Anonymous Symbol]                       0x20000c84   Section        0  ob_model.o(.data._fc_Gemm_output_0_output_array)
    _fc_Gemm_output_0_weights                0x20000c94   Data          28  ob_model.o(.data._fc_Gemm_output_0_weights)
    [Anonymous Symbol]                       0x20000c94   Section        0  ob_model.o(.data._fc_Gemm_output_0_weights)
    _fc_Gemm_output_0_weights_array          0x20000cb0   Data          16  ob_model.o(.data._fc_Gemm_output_0_weights_array)
    [Anonymous Symbol]                       0x20000cb0   Section        0  ob_model.o(.data._fc_Gemm_output_0_weights_array)
    _gap_GlobalAveragePool_output_0_layer    0x20000cc0   Data          56  ob_model.o(.data._gap_GlobalAveragePool_output_0_layer)
    [Anonymous Symbol]                       0x20000cc0   Section        0  ob_model.o(.data._gap_GlobalAveragePool_output_0_layer)
    _gap_GlobalAveragePool_output_0_output   0x20000cf8   Data          28  ob_model.o(.data._gap_GlobalAveragePool_output_0_output)
    [Anonymous Symbol]                       0x20000cf8   Section        0  ob_model.o(.data._gap_GlobalAveragePool_output_0_output)
    _gap_GlobalAveragePool_output_0_output_array 0x20000d14   Data          16  ob_model.o(.data._gap_GlobalAveragePool_output_0_output_array)
    [Anonymous Symbol]                       0x20000d14   Section        0  ob_model.o(.data._gap_GlobalAveragePool_output_0_output_array)
    g_ob_model                               0x20000d24   Data          76  ob_model.o(.data.g_ob_model)
    [Anonymous Symbol]                       0x20000d24   Section        0  ob_model.o(.data.g_ob_model)
    input_frame_output                       0x20000da8   Data          28  ob_model.o(.data.input_frame_output)
    [Anonymous Symbol]                       0x20000da8   Section        0  ob_model.o(.data.input_frame_output)
    input_frame_output_array                 0x20000dc4   Data          16  ob_model.o(.data.input_frame_output_array)
    [Anonymous Symbol]                       0x20000dc4   Section        0  ob_model.o(.data.input_frame_output_array)
    prob_out_layer                           0x20000dd4   Data          32  ob_model.o(.data.prob_out_layer)
    [Anonymous Symbol]                       0x20000dd4   Section        0  ob_model.o(.data.prob_out_layer)
    prob_out_output                          0x20000df4   Data          28  ob_model.o(.data.prob_out_output)
    [Anonymous Symbol]                       0x20000df4   Section        0  ob_model.o(.data.prob_out_output)
    prob_out_output_array                    0x20000e10   Data          16  ob_model.o(.data.prob_out_output_array)
    [Anonymous Symbol]                       0x20000e10   Section        0  ob_model.o(.data.prob_out_output_array)
    square_size                              0x20000e20   Data           2  sensor_sim.o(.data.square_size)
    [Anonymous Symbol]                       0x20000e20   Section        0  sensor_sim.o(.data.square_size)
    .compoundliteral.10                      0x20000e40   Data          28  ob_model.o(.bss..compoundliteral.10)
    [Anonymous Symbol]                       0x20000e40   Section        0  ob_model.o(.bss..compoundliteral.10)
    .compoundliteral.11                      0x20000e5c   Data           8  ob_model.o(.bss..compoundliteral.11)
    [Anonymous Symbol]                       0x20000e5c   Section        0  ob_model.o(.bss..compoundliteral.11)
    .compoundliteral.110                     0x20000e64   Data           4  ob_model.o(.bss..compoundliteral.110)
    [Anonymous Symbol]                       0x20000e64   Section        0  ob_model.o(.bss..compoundliteral.110)
    .compoundliteral.111                     0x20000e68   Data           4  ob_model.o(.bss..compoundliteral.111)
    [Anonymous Symbol]                       0x20000e68   Section        0  ob_model.o(.bss..compoundliteral.111)
    .compoundliteral.136                     0x20000e6c   Data           4  ob_model.o(.bss..compoundliteral.136)
    [Anonymous Symbol]                       0x20000e6c   Section        0  ob_model.o(.bss..compoundliteral.136)
    .compoundliteral.14                      0x20000e70   Data          16  ob_model.o(.bss..compoundliteral.14)
    [Anonymous Symbol]                       0x20000e70   Section        0  ob_model.o(.bss..compoundliteral.14)
    .compoundliteral.15                      0x20000e80   Data          28  ob_model.o(.bss..compoundliteral.15)
    [Anonymous Symbol]                       0x20000e80   Section        0  ob_model.o(.bss..compoundliteral.15)
    .compoundliteral.16                      0x20000e9c   Data           8  ob_model.o(.bss..compoundliteral.16)
    [Anonymous Symbol]                       0x20000e9c   Section        0  ob_model.o(.bss..compoundliteral.16)
    .compoundliteral.27                      0x20000ea4   Data          16  ob_model.o(.bss..compoundliteral.27)
    [Anonymous Symbol]                       0x20000ea4   Section        0  ob_model.o(.bss..compoundliteral.27)
    .compoundliteral.31                      0x20000eb4   Data          16  ob_model.o(.bss..compoundliteral.31)
    [Anonymous Symbol]                       0x20000eb4   Section        0  ob_model.o(.bss..compoundliteral.31)
    .compoundliteral.35                      0x20000ec4   Data          16  ob_model.o(.bss..compoundliteral.35)
    [Anonymous Symbol]                       0x20000ec4   Section        0  ob_model.o(.bss..compoundliteral.35)
    .compoundliteral.37                      0x20000ed4   Data          16  ob_model.o(.bss..compoundliteral.37)
    [Anonymous Symbol]                       0x20000ed4   Section        0  ob_model.o(.bss..compoundliteral.37)
    .compoundliteral.41                      0x20000ee4   Data           4  ob_model.o(.bss..compoundliteral.41)
    [Anonymous Symbol]                       0x20000ee4   Section        0  ob_model.o(.bss..compoundliteral.41)
    .compoundliteral.42                      0x20000ee8   Data           4  ob_model.o(.bss..compoundliteral.42)
    [Anonymous Symbol]                       0x20000ee8   Section        0  ob_model.o(.bss..compoundliteral.42)
    .compoundliteral.50                      0x20000eec   Data           4  ob_model.o(.bss..compoundliteral.50)
    [Anonymous Symbol]                       0x20000eec   Section        0  ob_model.o(.bss..compoundliteral.50)
    .compoundliteral.63                      0x20000ef0   Data           4  ob_model.o(.bss..compoundliteral.63)
    [Anonymous Symbol]                       0x20000ef0   Section        0  ob_model.o(.bss..compoundliteral.63)
    .compoundliteral.64                      0x20000ef4   Data           4  ob_model.o(.bss..compoundliteral.64)
    [Anonymous Symbol]                       0x20000ef4   Section        0  ob_model.o(.bss..compoundliteral.64)
    .compoundliteral.71                      0x20000ef8   Data           4  ob_model.o(.bss..compoundliteral.71)
    [Anonymous Symbol]                       0x20000ef8   Section        0  ob_model.o(.bss..compoundliteral.71)
    .compoundliteral.72                      0x20000efc   Data           4  ob_model.o(.bss..compoundliteral.72)
    [Anonymous Symbol]                       0x20000efc   Section        0  ob_model.o(.bss..compoundliteral.72)
    .compoundliteral.9                       0x20000f00   Data          16  ob_model.o(.bss..compoundliteral.9)
    [Anonymous Symbol]                       0x20000f00   Section        0  ob_model.o(.bss..compoundliteral.9)
    .compoundliteral.97                      0x20000f10   Data           4  ob_model.o(.bss..compoundliteral.97)
    [Anonymous Symbol]                       0x20000f10   Section        0  ob_model.o(.bss..compoundliteral.97)
    activations                              0x20000f20   Data       41188  infer_engine.o(.bss.activations)
    [Anonymous Symbol]                       0x20000f20   Section        0  infer_engine.o(.bss.activations)
    current_frame                            0x2000b004   Data        9216  sensor_sim.o(.bss.current_frame)
    [Anonymous Symbol]                       0x2000b004   Section        0  sensor_sim.o(.bss.current_frame)
    current_state                            0x2000d404   Data           1  fsm_controller.o(.bss.current_state)
    [Anonymous Symbol]                       0x2000d404   Section        0  fsm_controller.o(.bss.current_state)
    g_ob_model_activations_map               0x2000d408   Data           4  ob_model.o(.bss.g_ob_model_activations_map)
    [Anonymous Symbol]                       0x2000d408   Section        0  ob_model.o(.bss.g_ob_model_activations_map)
    g_ob_model_weights_map                   0x2000d40c   Data           4  ob_model.o(.bss.g_ob_model_weights_map)
    [Anonymous Symbol]                       0x2000d40c   Section        0  ob_model.o(.bss.g_ob_model_weights_map)
    ob_model_network                         0x2000f868   Data           4  infer_engine.o(.bss.ob_model_network)
    [Anonymous Symbol]                       0x2000f868   Section        0  infer_engine.o(.bss.ob_model_network)
    STACK                                    0x2000fa68   Section     8192  startup_stm32f401xe.o(STACK)

    Global Symbols

    Symbol Name                              Value     Ov Type        Size  Object(Section)

    BuildAttributes$$THM_ISAv4$E$P$D$K$B$S$7EM$VFPi3$EXTD16$VFPS$VFMA$PE$A:L22UL41UL21$X:L11$S22US41US21$IEEE1$IW$~IW$USESV6$~STKCKD$USESV7$~SHL$OTIME$ROPI$IEEEX$EBA8$MICROLIB$REQ8$PRES8$EABIv2 0x00000000   Number         0  anon$$obj.o ABSOLUTE
    _printf_a                                0x00000000   Number         0  printfstubs.o ABSOLUTE
    _printf_c                                0x00000000   Number         0  printfstubs.o ABSOLUTE
    _printf_charcount                        0x00000000   Number         0  printfstubs.o ABSOLUTE
    _printf_d                                0x00000000   Number         0  printfstubs.o ABSOLUTE
    _printf_e                                0x00000000   Number         0  printfstubs.o ABSOLUTE
    _printf_f                                0x00000000   Number         0  printfstubs.o ABSOLUTE
    _printf_flags                            0x00000000   Number         0  printfstubs.o ABSOLUTE
    _printf_fp_dec                           0x00000000   Number         0  printfstubs.o ABSOLUTE
    _printf_fp_hex                           0x00000000   Number         0  printfstubs.o ABSOLUTE
    _printf_g                                0x00000000   Number         0  printfstubs.o ABSOLUTE
    _printf_i                                0x00000000   Number         0  printfstubs.o ABSOLUTE
    _printf_int_dec                          0x00000000   Number         0  printfstubs.o ABSOLUTE
    _printf_l                                0x00000000   Number         0  printfstubs.o ABSOLUTE
    _printf_lc                               0x00000000   Number         0  printfstubs.o ABSOLUTE
    _printf_ll                               0x00000000   Number         0  printfstubs.o ABSOLUTE
    _printf_lld                              0x00000000   Number         0  printfstubs.o ABSOLUTE
    _printf_lli                              0x00000000   Number         0  printfstubs.o ABSOLUTE
    _printf_llo                              0x00000000   Number         0  printfstubs.o ABSOLUTE
    _printf_llu                              0x00000000   Number         0  printfstubs.o ABSOLUTE
    _printf_llx                              0x00000000   Number         0  printfstubs.o ABSOLUTE
    _printf_longlong_dec                     0x00000000   Number         0  printfstubs.o ABSOLUTE
    _printf_longlong_hex                     0x00000000   Number         0  printfstubs.o ABSOLUTE
    _printf_longlong_oct                     0x00000000   Number         0  printfstubs.o ABSOLUTE
    _printf_ls                               0x00000000   Number         0  printfstubs.o ABSOLUTE
    _printf_mbtowc                           0x00000000   Number         0  printfstubs.o ABSOLUTE
    _printf_n                                0x00000000   Number         0  printfstubs.o ABSOLUTE
    _printf_o                                0x00000000   Number         0  printfstubs.o ABSOLUTE
    _printf_p                                0x00000000   Number         0  printfstubs.o ABSOLUTE
    _printf_percent                          0x00000000   Number         0  printfstubs.o ABSOLUTE
    _printf_pre_padding                      0x00000000   Number         0  printfstubs.o ABSOLUTE
    _printf_return_value                     0x00000000   Number         0  printfstubs.o ABSOLUTE
    _printf_s                                0x00000000   Number         0  printfstubs.o ABSOLUTE
    _printf_sizespec                         0x00000000   Number         0  printfstubs.o ABSOLUTE
    _printf_str                              0x00000000   Number         0  printfstubs.o ABSOLUTE
    _printf_truncate_signed                  0x00000000   Number         0  printfstubs.o ABSOLUTE
    _printf_truncate_unsigned                0x00000000   Number         0  printfstubs.o ABSOLUTE
    _printf_u                                0x00000000   Number         0  printfstubs.o ABSOLUTE
    _printf_wc                               0x00000000   Number         0  printfstubs.o ABSOLUTE
    _printf_wctomb                           0x00000000   Number         0  printfstubs.o ABSOLUTE
    _printf_widthprec                        0x00000000   Number         0  printfstubs.o ABSOLUTE
    _printf_x                                0x00000000   Number         0  printfstubs.o ABSOLUTE
    __cpp_initialize__aeabi_                  - Undefined Weak Reference
    __cxa_finalize                            - Undefined Weak Reference
    _clock_init                               - Undefined Weak Reference
    _microlib_exit                            - Undefined Weak Reference
    __Vectors_Size                           0x00000194   Number         0  startup_stm32f401xe.o ABSOLUTE
    __Vectors                                0x08000000   Data           4  startup_stm32f401xe.o(RESET)
    __Vectors_End                            0x08000194   Data           0  startup_stm32f401xe.o(RESET)
    __main                                   0x08000195   Thumb Code     0  entry.o(.ARM.Collect$$$$00000000)
    _main_stk                                0x08000195   Thumb Code     0  entry2.o(.ARM.Collect$$$$00000001)
    _main_scatterload                        0x08000199   Thumb Code     0  entry5.o(.ARM.Collect$$$$00000004)
    __main_after_scatterload                 0x0800019d   Thumb Code     0  entry5.o(.ARM.Collect$$$$00000004)
    _main_clock                              0x0800019d   Thumb Code     0  entry7b.o(.ARM.Collect$$$$00000008)
    _main_cpp_init                           0x0800019d   Thumb Code     0  entry8b.o(.ARM.Collect$$$$0000000A)
    _main_init                               0x0800019d   Thumb Code     0  entry9a.o(.ARM.Collect$$$$0000000B)
    __rt_final_cpp                           0x080001a5   Thumb Code     0  entry10a.o(.ARM.Collect$$$$0000000D)
    __rt_final_exit                          0x080001a5   Thumb Code     0  entry11a.o(.ARM.Collect$$$$0000000F)
    Reset_Handler                            0x080001a9   Thumb Code     8  startup_stm32f401xe.o(.text)
    ADC_IRQHandler                           0x080001c3   Thumb Code     0  startup_stm32f401xe.o(.text)
    DMA1_Stream0_IRQHandler                  0x080001c3   Thumb Code     0  startup_stm32f401xe.o(.text)
    DMA1_Stream1_IRQHandler                  0x080001c3   Thumb Code     0  startup_stm32f401xe.o(.text)
    DMA1_Stream2_IRQHandler                  0x080001c3   Thumb Code     0  startup_stm32f401xe.o(.text)
    DMA1_Stream3_IRQHandler                  0x080001c3   Thumb Code     0  startup_stm32f401xe.o(.text)
    DMA1_Stream4_IRQHandler                  0x080001c3   Thumb Code     0  startup_stm32f401xe.o(.text)
    DMA1_Stream5_IRQHandler                  0x080001c3   Thumb Code     0  startup_stm32f401xe.o(.text)
    DMA1_Stream6_IRQHandler                  0x080001c3   Thumb Code     0  startup_stm32f401xe.o(.text)
    DMA1_Stream7_IRQHandler                  0x080001c3   Thumb Code     0  startup_stm32f401xe.o(.text)
    DMA2_Stream0_IRQHandler                  0x080001c3   Thumb Code     0  startup_stm32f401xe.o(.text)
    DMA2_Stream1_IRQHandler                  0x080001c3   Thumb Code     0  startup_stm32f401xe.o(.text)
    DMA2_Stream2_IRQHandler                  0x080001c3   Thumb Code     0  startup_stm32f401xe.o(.text)
    DMA2_Stream3_IRQHandler                  0x080001c3   Thumb Code     0  startup_stm32f401xe.o(.text)
    DMA2_Stream4_IRQHandler                  0x080001c3   Thumb Code     0  startup_stm32f401xe.o(.text)
    DMA2_Stream5_IRQHandler                  0x080001c3   Thumb Code     0  startup_stm32f401xe.o(.text)
    DMA2_Stream6_IRQHandler                  0x080001c3   Thumb Code     0  startup_stm32f401xe.o(.text)
    DMA2_Stream7_IRQHandler                  0x080001c3   Thumb Code     0  startup_stm32f401xe.o(.text)
    EXTI0_IRQHandler                         0x080001c3   Thumb Code     0  startup_stm32f401xe.o(.text)
    EXTI15_10_IRQHandler                     0x080001c3   Thumb Code     0  startup_stm32f401xe.o(.text)
    EXTI1_IRQHandler                         0x080001c3   Thumb Code     0  startup_stm32f401xe.o(.text)
    EXTI2_IRQHandler                         0x080001c3   Thumb Code     0  startup_stm32f401xe.o(.text)
    EXTI3_IRQHandler                         0x080001c3   Thumb Code     0  startup_stm32f401xe.o(.text)
    EXTI4_IRQHandler                         0x080001c3   Thumb Code     0  startup_stm32f401xe.o(.text)
    EXTI9_5_IRQHandler                       0x080001c3   Thumb Code     0  startup_stm32f401xe.o(.text)
    FLASH_IRQHandler                         0x080001c3   Thumb Code     0  startup_stm32f401xe.o(.text)
    FPU_IRQHandler                           0x080001c3   Thumb Code     0  startup_stm32f401xe.o(.text)
    I2C1_ER_IRQHandler                       0x080001c3   Thumb Code     0  startup_stm32f401xe.o(.text)
    I2C1_EV_IRQHandler                       0x080001c3   Thumb Code     0  startup_stm32f401xe.o(.text)
    I2C2_ER_IRQHandler                       0x080001c3   Thumb Code     0  startup_stm32f401xe.o(.text)
    I2C2_EV_IRQHandler                       0x080001c3   Thumb Code     0  startup_stm32f401xe.o(.text)
    I2C3_ER_IRQHandler                       0x080001c3   Thumb Code     0  startup_stm32f401xe.o(.text)
    I2C3_EV_IRQHandler                       0x080001c3   Thumb Code     0  startup_stm32f401xe.o(.text)
    OTG_FS_IRQHandler                        0x080001c3   Thumb Code     0  startup_stm32f401xe.o(.text)
    OTG_FS_WKUP_IRQHandler                   0x080001c3   Thumb Code     0  startup_stm32f401xe.o(.text)
    PVD_IRQHandler                           0x080001c3   Thumb Code     0  startup_stm32f401xe.o(.text)
    RCC_IRQHandler                           0x080001c3   Thumb Code     0  startup_stm32f401xe.o(.text)
    RTC_Alarm_IRQHandler                     0x080001c3   Thumb Code     0  startup_stm32f401xe.o(.text)
    RTC_WKUP_IRQHandler                      0x080001c3   Thumb Code     0  startup_stm32f401xe.o(.text)
    SDIO_IRQHandler                          0x080001c3   Thumb Code     0  startup_stm32f401xe.o(.text)
    SPI1_IRQHandler                          0x080001c3   Thumb Code     0  startup_stm32f401xe.o(.text)
    SPI2_IRQHandler                          0x080001c3   Thumb Code     0  startup_stm32f401xe.o(.text)
    SPI3_IRQHandler                          0x080001c3   Thumb Code     0  startup_stm32f401xe.o(.text)
    SPI4_IRQHandler                          0x080001c3   Thumb Code     0  startup_stm32f401xe.o(.text)
    TAMP_STAMP_IRQHandler                    0x080001c3   Thumb Code     0  startup_stm32f401xe.o(.text)
    TIM1_BRK_TIM9_IRQHandler                 0x080001c3   Thumb Code     0  startup_stm32f401xe.o(.text)
    TIM1_CC_IRQHandler                       0x080001c3   Thumb Code     0  startup_stm32f401xe.o(.text)
    TIM1_TRG_COM_TIM11_IRQHandler            0x080001c3   Thumb Code     0  startup_stm32f401xe.o(.text)
    TIM1_UP_TIM10_IRQHandler                 0x080001c3   Thumb Code     0  startup_stm32f401xe.o(.text)
    TIM2_IRQHandler                          0x080001c3   Thumb Code     0  startup_stm32f401xe.o(.text)
    TIM3_IRQHandler                          0x080001c3   Thumb Code     0  startup_stm32f401xe.o(.text)
    TIM4_IRQHandler                          0x080001c3   Thumb Code     0  startup_stm32f401xe.o(.text)
    TIM5_IRQHandler                          0x080001c3   Thumb Code     0  startup_stm32f401xe.o(.text)
    USART1_IRQHandler                        0x080001c3   Thumb Code     0  startup_stm32f401xe.o(.text)
    USART6_IRQHandler                        0x080001c3   Thumb Code     0  startup_stm32f401xe.o(.text)
    WWDG_IRQHandler                          0x080001c3   Thumb Code     0  startup_stm32f401xe.o(.text)
    __aeabi_uldivmod                         0x080001cd   Thumb Code    98  uldiv.o(.text)
    __aeabi_memcpy                           0x0800022f   Thumb Code    36  memcpya.o(.text)
    __aeabi_memcpy4                          0x0800022f   Thumb Code     0  memcpya.o(.text)
    __aeabi_memcpy8                          0x0800022f   Thumb Code     0  memcpya.o(.text)
    __aeabi_memset                           0x08000253   Thumb Code    14  memseta.o(.text)
    __aeabi_memset4                          0x08000253   Thumb Code     0  memseta.o(.text)
    __aeabi_memset8                          0x08000253   Thumb Code     0  memseta.o(.text)
    __aeabi_memclr                           0x08000261   Thumb Code     4  memseta.o(.text)
    __aeabi_memclr4                          0x08000261   Thumb Code     0  memseta.o(.text)
    __aeabi_memclr8                          0x08000261   Thumb Code     0  memseta.o(.text)
    _memset$wrapper                          0x08000265   Thumb Code    18  memseta.o(.text)
    strlen                                   0x08000277   Thumb Code    14  strlen.o(.text)
    memcmp                                   0x08000285   Thumb Code    26  memcmp.o(.text)
    __aeabi_uidiv                            0x0800029f   Thumb Code     0  uidiv.o(.text)
    __aeabi_uidivmod                         0x0800029f   Thumb Code    44  uidiv.o(.text)
    __aeabi_llsl                             0x080002cb   Thumb Code    30  llshl.o(.text)
    _ll_shift_l                              0x080002cb   Thumb Code     0  llshl.o(.text)
    __aeabi_llsr                             0x080002e9   Thumb Code    32  llushr.o(.text)
    _ll_ushift_r                             0x080002e9   Thumb Code     0  llushr.o(.text)
    __I$use$fp                               0x08000309   Thumb Code     0  iusefp.o(.text)
    __scatterload                            0x08000309   Thumb Code    38  init.o(.text)
    __scatterload_rt2                        0x08000309   Thumb Code     0  init.o(.text)
    __decompress                             0x08000339   Thumb Code     0  __dczerorl2.o(.text)
    __decompress1                            0x08000339   Thumb Code    86  __dczerorl2.o(.text)
    BusFault_Handler                         0x08000391   Thumb Code     2  stm32f4xx_it.o(.text.BusFault_Handler)
    DebugMon_Handler                         0x08000393   Thumb Code     2  stm32f4xx_it.o(.text.DebugMon_Handler)
    Error_Handler                            0x08000395   Thumb Code    10  main.o(.text.Error_Handler)
    FSM_GetState                             0x0800039f   Thumb Code    12  fsm_controller.o(.text.FSM_GetState)
    FSM_Init                                 0x080003ab   Thumb Code    14  fsm_controller.o(.text.FSM_Init)
    FSM_Update                               0x080003b9   Thumb Code    86  fsm_controller.o(.text.FSM_Update)
    HAL_CRC_Init                             0x0800040f   Thumb Code    32  stm32f4xx_hal_crc.o(.text.HAL_CRC_Init)
    HAL_CRC_MspInit                          0x0800042f   Thumb Code    48  crc.o(.text.HAL_CRC_MspInit)
    HAL_DMA_Abort                            0x08000461   Thumb Code   128  stm32f4xx_hal_dma.o(.text.HAL_DMA_Abort)
    HAL_DMA_Abort_IT                         0x080004e1   Thumb Code    36  stm32f4xx_hal_dma.o(.text.HAL_DMA_Abort_IT)
    HAL_Delay                                0x08000505   Thumb Code    40  stm32f4xx_hal.o(.text.HAL_Delay)
    HAL_GPIO_Init                            0x0800052d   Thumb Code   408  stm32f4xx_hal_gpio.o(.text.HAL_GPIO_Init)
    HAL_GetTick                              0x080006c5   Thumb Code    12  stm32f4xx_hal.o(.text.HAL_GetTick)
    HAL_IncTick                              0x080006d1   Thumb Code    26  stm32f4xx_hal.o(.text.HAL_IncTick)
    HAL_Init                                 0x080006eb   Thumb Code    54  stm32f4xx_hal.o(.text.HAL_Init)
    HAL_InitTick                             0x08000721   Thumb Code    80  stm32f4xx_hal.o(.text.HAL_InitTick)
    HAL_MspInit                              0x08000771   Thumb Code    56  stm32f4xx_hal_msp.o(.text.HAL_MspInit)
    HAL_NVIC_EnableIRQ                       0x080007a9   Thumb Code    32  stm32f4xx_hal_cortex.o(.text.HAL_NVIC_EnableIRQ)
    HAL_NVIC_SetPriority                     0x080007c9   Thumb Code    86  stm32f4xx_hal_cortex.o(.text.HAL_NVIC_SetPriority)
    HAL_NVIC_SetPriorityGrouping             0x0800081f   Thumb Code    32  stm32f4xx_hal_cortex.o(.text.HAL_NVIC_SetPriorityGrouping)
    HAL_RCC_ClockConfig                      0x08000841   Thumb Code   338  stm32f4xx_hal_rcc.o(.text.HAL_RCC_ClockConfig)
    HAL_RCC_GetPCLK1Freq                     0x08000993   Thumb Code    38  stm32f4xx_hal_rcc.o(.text.HAL_RCC_GetPCLK1Freq)
    HAL_RCC_GetPCLK2Freq                     0x080009b9   Thumb Code    38  stm32f4xx_hal_rcc.o(.text.HAL_RCC_GetPCLK2Freq)
    HAL_RCC_GetSysClockFreq                  0x080009e1   Thumb Code   106  stm32f4xx_hal_rcc.o(.text.HAL_RCC_GetSysClockFreq)
    HAL_RCC_OscConfig                        0x08000a4d   Thumb Code   864  stm32f4xx_hal_rcc.o(.text.HAL_RCC_OscConfig)
    HAL_SYSTICK_Config                       0x08000dad   Thumb Code    44  stm32f4xx_hal_cortex.o(.text.HAL_SYSTICK_Config)
    HAL_UARTEx_RxEventCallback               0x08000dd9   Thumb Code     2  stm32f4xx_hal_uart.o(.text.HAL_UARTEx_RxEventCallback)
    HAL_UART_ErrorCallback                   0x08000ddb   Thumb Code     2  stm32f4xx_hal_uart.o(.text.HAL_UART_ErrorCallback)
    HAL_UART_IRQHandler                      0x08000ddd   Thumb Code   684  stm32f4xx_hal_uart.o(.text.HAL_UART_IRQHandler)
    HAL_UART_Init                            0x08001089   Thumb Code    92  stm32f4xx_hal_uart.o(.text.HAL_UART_Init)
    HAL_UART_MspInit                         0x080010e5   Thumb Code   126  usart.o(.text.HAL_UART_MspInit)
    HAL_UART_RxCpltCallback                  0x08001163   Thumb Code     2  stm32f4xx_hal_uart.o(.text.HAL_UART_RxCpltCallback)
    HAL_UART_Transmit                        0x08001165   Thumb Code   186  stm32f4xx_hal_uart.o(.text.HAL_UART_Transmit)
    HAL_UART_Transmit_IT                     0x0800121f   Thumb Code    62  stm32f4xx_hal_uart.o(.text.HAL_UART_Transmit_IT)
    HAL_UART_TxCpltCallback                  0x0800125d   Thumb Code    30  main.o(.text.HAL_UART_TxCpltCallback)
    HardFault_Handler                        0x0800127d   Thumb Code     2  stm32f4xx_it.o(.text.HardFault_Handler)
    InferEngine_Init                         0x08001281   Thumb Code   228  infer_engine.o(.text.InferEngine_Init)
    MX_CRC_Init                              0x080013f1   Thumb Code    36  crc.o(.text.MX_CRC_Init)
    MX_GPIO_Init                             0x08001415   Thumb Code    36  gpio.o(.text.MX_GPIO_Init)
    MX_USART2_UART_Init                      0x08001439   Thumb Code    58  usart.o(.text.MX_USART2_UART_Init)
    MemManage_Handler                        0x08001475   Thumb Code     2  stm32f4xx_it.o(.text.MemManage_Handler)
    NMI_Handler                              0x08001479   Thumb Code     2  stm32f4xx_it.o(.text.NMI_Handler)
    PendSV_Handler                           0x0800147b   Thumb Code     2  stm32f4xx_it.o(.text.PendSV_Handler)
    RiskCalc_CalculateTTC                    0x0800147d   Thumb Code    14  risk_calc.o(.text.RiskCalc_CalculateTTC)
    SVC_Handler                              0x0800148b   Thumb Code     2  stm32f4xx_it.o(.text.SVC_Handler)
    SensorSim_CaptureDynamicFrame            0x0800148d   Thumb Code   196  sensor_sim.o(.text.SensorSim_CaptureDynamicFrame)
    SysTick_Handler                          0x08001589   Thumb Code     4  stm32f4xx_it.o(.text.SysTick_Handler)
    SystemClock_Config                       0x0800158d   Thumb Code   146  main.o(.text.SystemClock_Config)
    SystemInit                               0x0800161f   Thumb Code    18  system_stm32f4xx.o(.text.SystemInit)
    UART_Print                               0x0800168d   Thumb Code    32  main.o(.text.UART_Print)
    USART2_IRQHandler                        0x080018cd   Thumb Code    12  stm32f4xx_it.o(.text.USART2_IRQHandler)
    UsageFault_Handler                       0x080018d9   Thumb Code     2  stm32f4xx_it.o(.text.UsageFault_Handler)
    ai_ob_model_create                       0x080018db   Thumb Code    34  ob_model.o(.text.ai_ob_model_create)
    ai_ob_model_data_params_get              0x080018fd   Thumb Code    54  ob_model_data.o(.text.ai_ob_model_data_params_get)
    ai_ob_model_destroy                      0x08001933   Thumb Code     4  ob_model.o(.text.ai_ob_model_destroy)
    ai_ob_model_get_error                    0x08001937   Thumb Code     4  ob_model.o(.text.ai_ob_model_get_error)
    ai_ob_model_init                         0x0800193b   Thumb Code   624  ob_model.o(.text.ai_ob_model_init)
    main                                     0x08001bad   Thumb Code   288  main.o(.text.main)
    __0snprintf$6                            0x08001d15   Thumb Code    48  printf6.o(i.__0snprintf$6)
    __1snprintf$6                            0x08001d15   Thumb Code     0  printf6.o(i.__0snprintf$6)
    __2snprintf                              0x08001d15   Thumb Code     0  printf6.o(i.__0snprintf$6)
    __ARM_fpclassifyf                        0x08001d49   Thumb Code    38  fpclassifyf.o(i.__ARM_fpclassifyf)
    __hardfp_expf                            0x08001ea5   Thumb Code   430  expf.o(i.__hardfp_expf)
    __mathlib_expf                           0x08001ea5   Thumb Code     0  expf.o(i.__hardfp_expf)
    __mathlib_flt_infnan                     0x08002091   Thumb Code     6  funder.o(i.__mathlib_flt_infnan)
    __mathlib_flt_overflow                   0x08002099   Thumb Code    10  funder.o(i.__mathlib_flt_overflow)
    __mathlib_flt_underflow                  0x080020a9   Thumb Code    10  funder.o(i.__mathlib_flt_underflow)
    __scatterload_copy                       0x080020b9   Thumb Code    14  handlers.o(i.__scatterload_copy)
    __scatterload_null                       0x080020c7   Thumb Code     2  handlers.o(i.__scatterload_null)
    __scatterload_zeroinit                   0x080020c9   Thumb Code    14  handlers.o(i.__scatterload_zeroinit)
    __set_errno                              0x080020d9   Thumb Code     6  errno.o(i.__set_errno)
    ai_array_get_byte_size                   0x08002815   Thumb Code    40  ai_datatypes_format.o(i.ai_array_get_byte_size)
    ai_buffer_array_sane                     0x0800283d   Thumb Code    18  ai_platform.o(i.ai_buffer_array_sane)
    ai_buffer_get_size                       0x08002851   Thumb Code    96  ai_platform.o(i.ai_buffer_get_size)
    ai_check_custom_types                    0x080028b9   Thumb Code    38  layers.o(i.ai_check_custom_types)
    ai_layers_destroy_all                    0x080028e5   Thumb Code    54  layers.o(i.ai_layers_destroy_all)
    ai_layers_init_all                       0x0800291b   Thumb Code    30  layers.o(i.ai_layers_init_all)
    ai_layers_post_init_all                  0x08002939   Thumb Code    54  layers.o(i.ai_layers_post_init_all)
    ai_platform_bind_network_params          0x08002971   Thumb Code    38  ai_platform_interface.o(i.ai_platform_bind_network_params)
    ai_platform_context_acquire              0x0800299d   Thumb Code    14  ai_platform_interface.o(i.ai_platform_context_acquire)
    ai_platform_get_activations_map          0x080029b1   Thumb Code    38  ai_platform_interface.o(i.ai_platform_get_activations_map)
    ai_platform_get_weights_map              0x080029dd   Thumb Code    36  ai_platform_interface.o(i.ai_platform_get_weights_map)
    ai_platform_network_create               0x08002a05   Thumb Code   146  ai_platform_interface.o(i.ai_platform_network_create)
    ai_platform_network_destroy              0x08002aa1   Thumb Code    30  ai_platform_interface.o(i.ai_platform_network_destroy)
    ai_platform_network_get_error            0x08002ac5   Thumb Code    24  ai_platform_interface.o(i.ai_platform_network_get_error)
    ai_platform_network_init                 0x08002ae1   Thumb Code   262  ai_platform_interface.o(i.ai_platform_network_init)
    ai_platform_network_post_init            0x08002bf9   Thumb Code    76  ai_platform_interface.o(i.ai_platform_network_post_init)
    ai_platform_network_set_error            0x08002c49   Thumb Code    12  ai_platform_interface.o(i.ai_platform_network_set_error)
    ai_version_get                           0x08002c6f   Thumb Code    12  ai_datatypes_internal.o(i.ai_version_get)
    core_get_error                           0x08002c7b   Thumb Code    12  core_common.o(i.core_get_error)
    core_init                                0x08002c87   Thumb Code     4  core_common.o(i.core_init)
    core_set_error                           0x08002cbd   Thumb Code    26  core_common.o(i.core_set_error)
    forward_ap                               0x08002cd7   Thumb Code   366  layers_pool_generic_float.o(i.forward_ap)
    forward_conv2d_if32of32wf32              0x08002e45   Thumb Code   492  layers_conv2d_generic_float.o(i.forward_conv2d_if32of32wf32)
    forward_conv2d_if32of32wf32_nl_pool      0x08003031   Thumb Code   684  layers_conv2d_generic_float.o(i.forward_conv2d_if32of32wf32_nl_pool)
    forward_dense                            0x080032dd   Thumb Code   322  layers_conv2d_generic_float.o(i.forward_dense)
    forward_dw_if32of32wf32                  0x08003425   Thumb Code   438  layers_conv2d_generic_float.o(i.forward_dw_if32of32wf32)
    forward_lite_conv2d_if32of32wf32         0x080035dd   Thumb Code   334  forward_lite_conv2d_if32of32wf32.o(i.forward_lite_conv2d_if32of32wf32)
    forward_lite_conv2d_if32of32wf32_pool    0x08003731   Thumb Code   640  forward_lite_conv2d_if32of32wf32.o(i.forward_lite_conv2d_if32of32wf32_pool)
    forward_lite_dense_if32of32wf32          0x080039b5   Thumb Code   148  lite_dense_if32.o(i.forward_lite_dense_if32of32wf32)
    forward_lite_dense_if32of32wf32_lut4     0x08003a4d   Thumb Code   168  lite_dense_if32.o(i.forward_lite_dense_if32of32wf32_lut4)
    forward_lite_dense_if32of32wf32_lut8     0x08003af9   Thumb Code   168  lite_dense_if32.o(i.forward_lite_dense_if32of32wf32_lut8)
    forward_lite_dw_if32of32wf32             0x08003ba5   Thumb Code   186  forward_lite_conv2d_if32of32wf32.o(i.forward_lite_dw_if32of32wf32)
    forward_lite_nl_relu_generic_if32of32_kernel 0x08003c61   Thumb Code   168  lite_nl_relu_if32of32.o(i.forward_lite_nl_relu_generic_if32of32_kernel)
    forward_lite_nl_relu_if32of32            0x08003d0d   Thumb Code    46  lite_nl_generic_float.o(i.forward_lite_nl_relu_if32of32)
    forward_relu                             0x08003d41   Thumb Code   202  layers_nl_generic_float.o(i.forward_relu)
    forward_sigmoid                          0x08003e11   Thumb Code    94  layers_nl_generic_float.o(i.forward_sigmoid)
    lite_decompress_ilutof32                 0x0800411f   Thumb Code   124  lite_dense_if32.o(i.lite_decompress_ilutof32)
    nl_func_sigmoid_array_f32                0x0800419b   Thumb Code    72  layers_nl_generic_float.o(i.nl_func_sigmoid_array_f32)
    pool_func_ap_kernel_array_f32            0x080041e5   Thumb Code   124  layers_pool_generic_float.o(i.pool_func_ap_kernel_array_f32)
    pool_func_mp_array_f32                   0x08004261   Thumb Code   420  forward_lite_pool_f32.o(i.pool_func_mp_array_f32)
    st_int8_copy                             0x08004409   Thumb Code   144  st_int8_fill.o(i.st_int8_copy)
    AHBPrescTable                            0x08004540   Data          16  system_stm32f4xx.o(.rodata.AHBPrescTable)
    APBPrescTable                            0x08004550   Data           8  system_stm32f4xx.o(.rodata.APBPrescTable)
    s_ob_model_weights_array_u64             0x080045c0   Data        3016  ob_model_data_params.o(.rodata.s_ob_model_weights_array_u64)
    Region$$Table$$Base                      0x08005218   Number         0  anon$$obj.o(Region$$Table)
    Region$$Table$$Limit                     0x08005238   Number         0  anon$$obj.o(Region$$Table)
    SystemCoreClock                          0x200006d0   Data           4  system_stm32f4xx.o(.data.SystemCoreClock)
    g_ob_model_data_map_activations          0x20000d70   Data          28  ob_model_data.o(.data.g_ob_model_data_map_activations)
    g_ob_model_data_map_weights              0x20000d8c   Data          28  ob_model_data.o(.data.g_ob_model_data_map_weights)
    tx_flag                                  0x20000e22   Data           1  main.o(.data.tx_flag)
    uwTickFreq                               0x20000e23   Data           1  stm32f4xx_hal.o(.data.uwTickFreq)
    uwTickPrio                               0x20000e24   Data           4  stm32f4xx_hal.o(.data.uwTickPrio)
    hcrc                                     0x2000d410   Data           8  crc.o(.bss.hcrc)
    huart2                                   0x2000d418   Data          68  usart.o(.bss.huart2)
    live_camera_frame                        0x2000d45c   Data        9216  main.o(.bss.live_camera_frame)
    my_vehicle_state                         0x2000f85c   Data          12  main.o(.bss.my_vehicle_state)
    probability                              0x2000f86c   Data           1  main.o(.bss.probability)
    result_buffer                            0x2000f870   Data         200  infer_engine.o(.bss.result_buffer)
    tx_buffer                                0x2000f938   Data         300  main.o(.bss.tx_buffer)
    uwTick                                   0x2000fa64   Data           4  stm32f4xx_hal.o(.bss.uwTick)
    __initial_sp                             0x20011a68   Data           0  startup_stm32f401xe.o(STACK)



==============================================================================

Memory Map of the image

  Image Entry point : 0x08000195

  Load Region LR_IROM1 (Base: 0x08000000, Size: 0x00006080, Max: 0x00080000, ABSOLUTE, COMPRESSED[0x00005780])

    Execution Region ER_IROM1 (Exec base: 0x08000000, Load base: 0x08000000, Size: 0x00005238, Max: 0x00080000, ABSOLUTE)

    Exec Addr    Load Addr    Size         Type   Attr      Idx    E Section Name        Object

    0x08000000   0x08000000   0x00000194   Data   RO            3    RESET               startup_stm32f401xe.o
    0x08000194   0x08000194   0x00000000   Code   RO         2271  * .ARM.Collect$$$$00000000  mc_w.l(entry.o)
    0x08000194   0x08000194   0x00000004   Code   RO         2608    .ARM.Collect$$$$00000001  mc_w.l(entry2.o)
    0x08000198   0x08000198   0x00000004   Code   RO         2611    .ARM.Collect$$$$00000004  mc_w.l(entry5.o)
    0x0800019c   0x0800019c   0x00000000   Code   RO         2613    .ARM.Collect$$$$00000008  mc_w.l(entry7b.o)
    0x0800019c   0x0800019c   0x00000000   Code   RO         2615    .ARM.Collect$$$$0000000A  mc_w.l(entry8b.o)
    0x0800019c   0x0800019c   0x00000008   Code   RO         2616    .ARM.Collect$$$$0000000B  mc_w.l(entry9a.o)
    0x080001a4   0x080001a4   0x00000000   Code   RO         2618    .ARM.Collect$$$$0000000D  mc_w.l(entry10a.o)
    0x080001a4   0x080001a4   0x00000000   Code   RO         2620    .ARM.Collect$$$$0000000F  mc_w.l(entry11a.o)
    0x080001a4   0x080001a4   0x00000004   Code   RO         2609    .ARM.Collect$$$$00002712  mc_w.l(entry2.o)
    0x080001a8   0x080001a8   0x00000024   Code   RO            4    .text               startup_stm32f401xe.o
    0x080001cc   0x080001cc   0x00000062   Code   RO         2274    .text               mc_w.l(uldiv.o)
    0x0800022e   0x0800022e   0x00000024   Code   RO         2276    .text               mc_w.l(memcpya.o)
    0x08000252   0x08000252   0x00000024   Code   RO         2278    .text               mc_w.l(memseta.o)
    0x08000276   0x08000276   0x0000000e   Code   RO         2280    .text               mc_w.l(strlen.o)
    0x08000284   0x08000284   0x0000001a   Code   RO         2282    .text               mc_w.l(memcmp.o)
    0x0800029e   0x0800029e   0x0000002c   Code   RO         2632    .text               mc_w.l(uidiv.o)
    0x080002ca   0x080002ca   0x0000001e   Code   RO         2634    .text               mc_w.l(llshl.o)
    0x080002e8   0x080002e8   0x00000020   Code   RO         2636    .text               mc_w.l(llushr.o)
    0x08000308   0x08000308   0x00000000   Code   RO         2647    .text               mc_w.l(iusefp.o)
    0x08000308   0x08000308   0x00000030   Code   RO         2664    .text               mc_w.l(init.o)
    0x08000338   0x08000338   0x00000056   Code   RO         2680    .text               mc_w.l(__dczerorl2.o)
    0x0800038e   0x0800038e   0x00000002   PAD
    0x08000390   0x08000390   0x00000002   Code   RO           81    .text.BusFault_Handler  stm32f4xx_it.o
    0x08000392   0x08000392   0x00000002   Code   RO           87    .text.DebugMon_Handler  stm32f4xx_it.o
    0x08000394   0x08000394   0x0000000a   Code   RO           15    .text.Error_Handler  main.o
    0x0800039e   0x0800039e   0x0000000c   Code   RO          718    .text.FSM_GetState  fsm_controller.o
    0x080003aa   0x080003aa   0x0000000e   Code   RO          714    .text.FSM_Init      fsm_controller.o
    0x080003b8   0x080003b8   0x00000056   Code   RO          716    .text.FSM_Update    fsm_controller.o
    0x0800040e   0x0800040e   0x00000020   Code   RO          110    .text.HAL_CRC_Init  stm32f4xx_hal_crc.o
    0x0800042e   0x0800042e   0x00000030   Code   RO           47    .text.HAL_CRC_MspInit  crc.o
    0x0800045e   0x0800045e   0x00000002   PAD
    0x08000460   0x08000460   0x00000080   Code   RO          298    .text.HAL_DMA_Abort  stm32f4xx_hal_dma.o
    0x080004e0   0x080004e0   0x00000024   Code   RO          300    .text.HAL_DMA_Abort_IT  stm32f4xx_hal_dma.o
    0x08000504   0x08000504   0x00000028   Code   RO          459    .text.HAL_Delay     stm32f4xx_hal.o
    0x0800052c   0x0800052c   0x00000198   Code   RO          252    .text.HAL_GPIO_Init  stm32f4xx_hal_gpio.o
    0x080006c4   0x080006c4   0x0000000c   Code   RO          451    .text.HAL_GetTick   stm32f4xx_hal.o
    0x080006d0   0x080006d0   0x0000001a   Code   RO          449    .text.HAL_IncTick   stm32f4xx_hal.o
    0x080006ea   0x080006ea   0x00000036   Code   RO          439    .text.HAL_Init      stm32f4xx_hal.o
    0x08000720   0x08000720   0x00000050   Code   RO          441    .text.HAL_InitTick  stm32f4xx_hal.o
    0x08000770   0x08000770   0x00000038   Code   RO          102    .text.HAL_MspInit   stm32f4xx_hal_msp.o
    0x080007a8   0x080007a8   0x00000020   Code   RO          397    .text.HAL_NVIC_EnableIRQ  stm32f4xx_hal_cortex.o
    0x080007c8   0x080007c8   0x00000056   Code   RO          395    .text.HAL_NVIC_SetPriority  stm32f4xx_hal_cortex.o
    0x0800081e   0x0800081e   0x00000020   Code   RO          393    .text.HAL_NVIC_SetPriorityGrouping  stm32f4xx_hal_cortex.o
    0x0800083e   0x0800083e   0x00000002   PAD
    0x08000840   0x08000840   0x00000152   Code   RO          136    .text.HAL_RCC_ClockConfig  stm32f4xx_hal_rcc.o
    0x08000992   0x08000992   0x00000026   Code   RO          148    .text.HAL_RCC_GetPCLK1Freq  stm32f4xx_hal_rcc.o
    0x080009b8   0x080009b8   0x00000026   Code   RO          150    .text.HAL_RCC_GetPCLK2Freq  stm32f4xx_hal_rcc.o
    0x080009de   0x080009de   0x00000002   PAD
    0x080009e0   0x080009e0   0x0000006a   Code   RO          138    .text.HAL_RCC_GetSysClockFreq  stm32f4xx_hal_rcc.o
    0x08000a4a   0x08000a4a   0x00000002   PAD
    0x08000a4c   0x08000a4c   0x00000360   Code   RO          134    .text.HAL_RCC_OscConfig  stm32f4xx_hal_rcc.o
    0x08000dac   0x08000dac   0x0000002c   Code   RO          405    .text.HAL_SYSTICK_Config  stm32f4xx_hal_cortex.o
    0x08000dd8   0x08000dd8   0x00000002   Code   RO          618    .text.HAL_UARTEx_RxEventCallback  stm32f4xx_hal_uart.o
    0x08000dda   0x08000dda   0x00000002   Code   RO          616    .text.HAL_UART_ErrorCallback  stm32f4xx_hal_uart.o
    0x08000ddc   0x08000ddc   0x000002ac   Code   RO          610    .text.HAL_UART_IRQHandler  stm32f4xx_hal_uart.o
    0x08001088   0x08001088   0x0000005c   Code   RO          530    .text.HAL_UART_Init  stm32f4xx_hal_uart.o
    0x080010e4   0x080010e4   0x0000007e   Code   RO           62    .text.HAL_UART_MspInit  usart.o
    0x08001162   0x08001162   0x00000002   Code   RO          624    .text.HAL_UART_RxCpltCallback  stm32f4xx_hal_uart.o
    0x08001164   0x08001164   0x000000ba   Code   RO          546    .text.HAL_UART_Transmit  stm32f4xx_hal_uart.o
    0x0800121e   0x0800121e   0x0000003e   Code   RO          552    .text.HAL_UART_Transmit_IT  stm32f4xx_hal_uart.o
    0x0800125c   0x0800125c   0x0000001e   Code   RO           19    .text.HAL_UART_TxCpltCallback  main.o
    0x0800127a   0x0800127a   0x00000002   PAD
    0x0800127c   0x0800127c   0x00000002   Code   RO           77    .text.HardFault_Handler  stm32f4xx_it.o
    0x0800127e   0x0800127e   0x00000002   PAD
    0x08001280   0x08001280   0x00000170   Code   RO          686    .text.InferEngine_Init  infer_engine.o
    0x080013f0   0x080013f0   0x00000024   Code   RO           45    .text.MX_CRC_Init   crc.o
    0x08001414   0x08001414   0x00000024   Code   RO           37    .text.MX_GPIO_Init  gpio.o
    0x08001438   0x08001438   0x0000003a   Code   RO           60    .text.MX_USART2_UART_Init  usart.o
    0x08001472   0x08001472   0x00000002   PAD
    0x08001474   0x08001474   0x00000002   Code   RO           79    .text.MemManage_Handler  stm32f4xx_it.o
    0x08001476   0x08001476   0x00000002   PAD
    0x08001478   0x08001478   0x00000002   Code   RO           75    .text.NMI_Handler   stm32f4xx_it.o
    0x0800147a   0x0800147a   0x00000002   Code   RO           89    .text.PendSV_Handler  stm32f4xx_it.o
    0x0800147c   0x0800147c   0x0000000e   Code   RO          706    .text.RiskCalc_CalculateTTC  risk_calc.o
    0x0800148a   0x0800148a   0x00000002   Code   RO           85    .text.SVC_Handler   stm32f4xx_it.o
    0x0800148c   0x0800148c   0x000000fc   Code   RO          673    .text.SensorSim_CaptureDynamicFrame  sensor_sim.o
    0x08001588   0x08001588   0x00000004   Code   RO           91    .text.SysTick_Handler  stm32f4xx_it.o
    0x0800158c   0x0800158c   0x00000092   Code   RO           13    .text.SystemClock_Config  main.o
    0x0800161e   0x0800161e   0x00000012   Code   RO          654    .text.SystemInit    system_stm32f4xx.o
    0x08001630   0x08001630   0x0000000c   Code   RO          614    .text.UART_DMAAbortOnError  stm32f4xx_hal_uart.o
    0x0800163c   0x0800163c   0x00000050   Code   RO          576    .text.UART_EndRxTransfer  stm32f4xx_hal_uart.o
    0x0800168c   0x0800168c   0x00000020   Code   RO           17    .text.UART_Print    main.o
    0x080016ac   0x080016ac   0x000000c2   Code   RO          612    .text.UART_Receive_IT  stm32f4xx_hal_uart.o
    0x0800176e   0x0800176e   0x000000de   Code   RO          534    .text.UART_SetConfig  stm32f4xx_hal_uart.o
    0x0800184c   0x0800184c   0x00000080   Code   RO          548    .text.UART_WaitOnFlagUntilTimeout  stm32f4xx_hal_uart.o
    0x080018cc   0x080018cc   0x0000000c   Code   RO           93    .text.USART2_IRQHandler  stm32f4xx_it.o
    0x080018d8   0x080018d8   0x00000002   Code   RO           83    .text.UsageFault_Handler  stm32f4xx_it.o
    0x080018da   0x080018da   0x00000022   Code   RO          744    .text.ai_ob_model_create  ob_model.o
    0x080018fc   0x080018fc   0x00000036   Code   RO          978    .text.ai_ob_model_data_params_get  ob_model_data.o
    0x08001932   0x08001932   0x00000004   Code   RO          754    .text.ai_ob_model_destroy  ob_model.o
    0x08001936   0x08001936   0x00000004   Code   RO          742    .text.ai_ob_model_get_error  ob_model.o
    0x0800193a   0x0800193a   0x00000270   Code   RO          748    .text.ai_ob_model_init  ob_model.o
    0x08001baa   0x08001baa   0x00000002   PAD
    0x08001bac   0x08001bac   0x00000168   Code   RO           11    .text.main          main.o
    0x08001d14   0x08001d14   0x00000034   Code   RO         2442    i.__0snprintf$6     mc_w.l(printf6.o)
    0x08001d48   0x08001d48   0x00000026   Code   RO         2583    i.__ARM_fpclassifyf  m_wm.l(fpclassifyf.o)
    0x08001d6e   0x08001d6e   0x00000002   PAD
    0x08001d70   0x08001d70   0x00000134   Code   RO         1547    i.__ai_math_dot_array  NetworkRuntime1000_CM4_Keil.lib(lite_dense_if32.o)
    0x08001ea4   0x08001ea4   0x000001ec   Code   RO         2210    i.__hardfp_expf     m_wm.l(expf.o)
    0x08002090   0x08002090   0x00000006   Code   RO         2586    i.__mathlib_flt_infnan  m_wm.l(funder.o)
    0x08002096   0x08002096   0x00000002   PAD
    0x08002098   0x08002098   0x00000010   Code   RO         2589    i.__mathlib_flt_overflow  m_wm.l(funder.o)
    0x080020a8   0x080020a8   0x00000010   Code   RO         2591    i.__mathlib_flt_underflow  m_wm.l(funder.o)
    0x080020b8   0x080020b8   0x0000000e   Code   RO         2674    i.__scatterload_copy  mc_w.l(handlers.o)
    0x080020c6   0x080020c6   0x00000002   Code   RO         2675    i.__scatterload_null  mc_w.l(handlers.o)
    0x080020c8   0x080020c8   0x0000000e   Code   RO         2676    i.__scatterload_zeroinit  mc_w.l(handlers.o)
    0x080020d6   0x080020d6   0x00000002   PAD
    0x080020d8   0x080020d8   0x0000000c   Code   RO         2642    i.__set_errno       mc_w.l(errno.o)
    0x080020e4   0x080020e4   0x00000078   Code   RO         1501    i._final_pooling_buffer_reorder  NetworkRuntime1000_CM4_Keil.lib(forward_lite_conv2d_if32of32wf32.o)
    0x0800215c   0x0800215c   0x00000038   Code   RO         1129    i._forward_lite_nl_relu_thresholded_if32of32  NetworkRuntime1000_CM4_Keil.lib(layers_nl_generic_float.o)
    0x08002194   0x08002194   0x00000020   Code   RO         1418    i._get_lut_size     NetworkRuntime1000_CM4_Keil.lib(ai_datatypes_format.o)
    0x080021b4   0x080021b4   0x0000012c   Code   RO         1548    i._lite_dict4_dot_array_f32  NetworkRuntime1000_CM4_Keil.lib(lite_dense_if32.o)
    0x080022e0   0x080022e0   0x000000e8   Code   RO         1549    i._lite_dict8_dot_array_f32  NetworkRuntime1000_CM4_Keil.lib(lite_dense_if32.o)
    0x080023c8   0x080023c8   0x0000004c   Code   RO         1019    i._platform_ai_buffer_array_copy  NetworkRuntime1000_CM4_Keil.lib(ai_platform_interface.o)
    0x08002414   0x08002414   0x00000050   Code   RO         1020    i._platform_get_table_map_from_buffer  NetworkRuntime1000_CM4_Keil.lib(ai_platform_interface.o)
    0x08002464   0x08002464   0x00000044   Code   RO         1021    i._platform_get_table_map_from_buffer_array  NetworkRuntime1000_CM4_Keil.lib(ai_platform_interface.o)
    0x080024a8   0x080024a8   0x00000014   Code   RO         1022    i._platform_network_buffers_signature_valid  NetworkRuntime1000_CM4_Keil.lib(ai_platform_interface.o)
    0x080024bc   0x080024bc   0x000002f0   Code   RO         2448    i._printf_core      mc_w.l(printf6.o)
    0x080027ac   0x080027ac   0x00000024   Code   RO         2449    i._printf_post_padding  mc_w.l(printf6.o)
    0x080027d0   0x080027d0   0x0000002e   Code   RO         2450    i._printf_pre_padding  mc_w.l(printf6.o)
    0x080027fe   0x080027fe   0x00000016   Code   RO         2451    i._snputc           mc_w.l(printf6.o)
    0x08002814   0x08002814   0x00000028   Code   RO         1423    i.ai_array_get_byte_size  NetworkRuntime1000_CM4_Keil.lib(ai_datatypes_format.o)
    0x0800283c   0x0800283c   0x00000012   Code   RO         1005    i.ai_buffer_array_sane  NetworkRuntime1000_CM4_Keil.lib(ai_platform.o)
    0x0800284e   0x0800284e   0x00000002   PAD
    0x08002850   0x08002850   0x00000068   Code   RO         1007    i.ai_buffer_get_size  NetworkRuntime1000_CM4_Keil.lib(ai_platform.o)
    0x080028b8   0x080028b8   0x0000002c   Code   RO         1479    i.ai_check_custom_types  NetworkRuntime1000_CM4_Keil.lib(layers.o)
    0x080028e4   0x080028e4   0x00000036   Code   RO         1482    i.ai_layers_destroy_all  NetworkRuntime1000_CM4_Keil.lib(layers.o)
    0x0800291a   0x0800291a   0x0000001e   Code   RO         1484    i.ai_layers_init_all  NetworkRuntime1000_CM4_Keil.lib(layers.o)
    0x08002938   0x08002938   0x00000036   Code   RO         1485    i.ai_layers_post_init_all  NetworkRuntime1000_CM4_Keil.lib(layers.o)
    0x0800296e   0x0800296e   0x00000002   PAD
    0x08002970   0x08002970   0x0000002c   Code   RO         1030    i.ai_platform_bind_network_params  NetworkRuntime1000_CM4_Keil.lib(ai_platform_interface.o)
    0x0800299c   0x0800299c   0x00000014   Code   RO         1031    i.ai_platform_context_acquire  NetworkRuntime1000_CM4_Keil.lib(ai_platform_interface.o)
    0x080029b0   0x080029b0   0x0000002c   Code   RO         1033    i.ai_platform_get_activations_map  NetworkRuntime1000_CM4_Keil.lib(ai_platform_interface.o)
    0x080029dc   0x080029dc   0x00000028   Code   RO         1034    i.ai_platform_get_weights_map  NetworkRuntime1000_CM4_Keil.lib(ai_platform_interface.o)
    0x08002a04   0x08002a04   0x0000009c   Code   RO         1037    i.ai_platform_network_create  NetworkRuntime1000_CM4_Keil.lib(ai_platform_interface.o)
    0x08002aa0   0x08002aa0   0x00000024   Code   RO         1038    i.ai_platform_network_destroy  NetworkRuntime1000_CM4_Keil.lib(ai_platform_interface.o)
    0x08002ac4   0x08002ac4   0x0000001c   Code   RO         1039    i.ai_platform_network_get_error  NetworkRuntime1000_CM4_Keil.lib(ai_platform_interface.o)
    0x08002ae0   0x08002ae0   0x00000118   Code   RO         1040    i.ai_platform_network_init  NetworkRuntime1000_CM4_Keil.lib(ai_platform_interface.o)
    0x08002bf8   0x08002bf8   0x00000050   Code   RO         1041    i.ai_platform_network_post_init  NetworkRuntime1000_CM4_Keil.lib(ai_platform_interface.o)
    0x08002c48   0x08002c48   0x0000000c   Code   RO         1043    i.ai_platform_network_set_error  NetworkRuntime1000_CM4_Keil.lib(ai_platform_interface.o)
    0x08002c54   0x08002c54   0x0000001a   Code   RO         1130    i.ai_shape_get_size  NetworkRuntime1000_CM4_Keil.lib(layers_nl_generic_float.o)
    0x08002c6e   0x08002c6e   0x0000000c   Code   RO         1448    i.ai_version_get    NetworkRuntime1000_CM4_Keil.lib(ai_datatypes_internal.o)
    0x08002c7a   0x08002c7a   0x0000000c   Code   RO         1458    i.core_get_error    NetworkRuntime1000_CM4_Keil.lib(core_common.o)
    0x08002c86   0x08002c86   0x00000004   Code   RO         1459    i.core_init         NetworkRuntime1000_CM4_Keil.lib(core_common.o)
    0x08002c8a   0x08002c8a   0x00000010   Code   RO         1093    i.core_nl_get_params_byte_size  NetworkRuntime1000_CM4_Keil.lib(layers_conv2d_generic_float.o)
    0x08002c9a   0x08002c9a   0x00000012   Code   RO         1094    i.core_nl_get_params_ptr  NetworkRuntime1000_CM4_Keil.lib(layers_conv2d_generic_float.o)
    0x08002cac   0x08002cac   0x00000010   Code   RO         1095    i.core_nl_get_params_stride  NetworkRuntime1000_CM4_Keil.lib(layers_conv2d_generic_float.o)
    0x08002cbc   0x08002cbc   0x0000001a   Code   RO         1460    i.core_set_error    NetworkRuntime1000_CM4_Keil.lib(core_common.o)
    0x08002cd6   0x08002cd6   0x0000016e   Code   RO         1314    i.forward_ap        NetworkRuntime1000_CM4_Keil.lib(layers_pool_generic_float.o)
    0x08002e44   0x08002e44   0x000001ec   Code   RO         1096    i.forward_conv2d_if32of32wf32  NetworkRuntime1000_CM4_Keil.lib(layers_conv2d_generic_float.o)
    0x08003030   0x08003030   0x000002ac   Code   RO         1099    i.forward_conv2d_if32of32wf32_nl_pool  NetworkRuntime1000_CM4_Keil.lib(layers_conv2d_generic_float.o)
    0x080032dc   0x080032dc   0x00000148   Code   RO         1100    i.forward_dense     NetworkRuntime1000_CM4_Keil.lib(layers_conv2d_generic_float.o)
    0x08003424   0x08003424   0x000001b6   Code   RO         1101    i.forward_dw_if32of32wf32  NetworkRuntime1000_CM4_Keil.lib(layers_conv2d_generic_float.o)
    0x080035da   0x080035da   0x00000002   PAD
    0x080035dc   0x080035dc   0x00000154   Code   RO         1502    i.forward_lite_conv2d_if32of32wf32  NetworkRuntime1000_CM4_Keil.lib(forward_lite_conv2d_if32of32wf32.o)
    0x08003730   0x08003730   0x00000284   Code   RO         1505    i.forward_lite_conv2d_if32of32wf32_pool  NetworkRuntime1000_CM4_Keil.lib(forward_lite_conv2d_if32of32wf32.o)
    0x080039b4   0x080039b4   0x00000098   Code   RO         1550    i.forward_lite_dense_if32of32wf32  NetworkRuntime1000_CM4_Keil.lib(lite_dense_if32.o)
    0x08003a4c   0x08003a4c   0x000000ac   Code   RO         1551    i.forward_lite_dense_if32of32wf32_lut4  NetworkRuntime1000_CM4_Keil.lib(lite_dense_if32.o)
    0x08003af8   0x08003af8   0x000000ac   Code   RO         1552    i.forward_lite_dense_if32of32wf32_lut8  NetworkRuntime1000_CM4_Keil.lib(lite_dense_if32.o)
    0x08003ba4   0x08003ba4   0x000000ba   Code   RO         1506    i.forward_lite_dw_if32of32wf32  NetworkRuntime1000_CM4_Keil.lib(forward_lite_conv2d_if32of32wf32.o)
    0x08003c5e   0x08003c5e   0x00000002   PAD
    0x08003c60   0x08003c60   0x000000ac   Code   RO         1538    i.forward_lite_nl_relu_generic_if32of32_kernel  NetworkRuntime1000_CM4_Keil.lib(lite_nl_relu_if32of32.o)
    0x08003d0c   0x08003d0c   0x00000034   Code   RO         1354    i.forward_lite_nl_relu_if32of32  NetworkRuntime1000_CM4_Keil.lib(lite_nl_generic_float.o)
    0x08003d40   0x08003d40   0x000000d0   Code   RO         1156    i.forward_relu      NetworkRuntime1000_CM4_Keil.lib(layers_nl_generic_float.o)
    0x08003e10   0x08003e10   0x0000005e   Code   RO         1161    i.forward_sigmoid   NetworkRuntime1000_CM4_Keil.lib(layers_nl_generic_float.o)
    0x08003e6e   0x08003e6e   0x00000002   PAD
    0x08003e70   0x08003e70   0x0000012c   Code   RO         1508    i.fw_lite_conv2d_kernel_depthwise_f32  NetworkRuntime1000_CM4_Keil.lib(forward_lite_conv2d_if32of32wf32.o)
    0x08003f9c   0x08003f9c   0x00000182   Code   RO         1510    i.fw_lite_conv2d_kernel_simple_opt_f32  NetworkRuntime1000_CM4_Keil.lib(forward_lite_conv2d_if32of32wf32.o)
    0x0800411e   0x0800411e   0x0000007c   Code   RO         1553    i.lite_decompress_ilutof32  NetworkRuntime1000_CM4_Keil.lib(lite_dense_if32.o)
    0x0800419a   0x0800419a   0x00000048   Code   RO         1205    i.nl_func_sigmoid_array_f32  NetworkRuntime1000_CM4_Keil.lib(layers_nl_generic_float.o)
    0x080041e2   0x080041e2   0x00000002   PAD
    0x080041e4   0x080041e4   0x0000007c   Code   RO         1316    i.pool_func_ap_kernel_array_f32  NetworkRuntime1000_CM4_Keil.lib(layers_pool_generic_float.o)
    0x08004260   0x08004260   0x000001a8   Code   RO         1323    i.pool_func_mp_array_f32  NetworkRuntime1000_CM4_Keil.lib(forward_lite_pool_f32.o)
    0x08004408   0x08004408   0x00000090   Code   RO         2101    i.st_int8_copy      NetworkRuntime1000_CM4_Keil.lib(st_int8_fill.o)
    0x08004498   0x08004498   0x00000068   Data   RO         1052    .constdata          NetworkRuntime1000_CM4_Keil.lib(ai_platform_interface.o)
    0x08004500   0x08004500   0x00000030   Data   RO         2213    .constdata          m_wm.l(expf.o)
    0x08004530   0x08004530   0x00000008   Data   RO          984    .rodata..L__const.ai_ob_model_data_params_get.map_activations  ob_model_data.o
    0x08004538   0x08004538   0x00000008   Data   RO          985    .rodata..L__const.ai_ob_model_data_params_get.map_weights  ob_model_data.o
    0x08004540   0x08004540   0x00000010   Data   RO          659    .rodata.AHBPrescTable  system_stm32f4xx.o
    0x08004550   0x08004550   0x00000008   Data   RO          660    .rodata.APBPrescTable  system_stm32f4xx.o
    0x08004558   0x08004558   0x00000008   Data   RO          785    .rodata._conv1_conv1_0_Conv_output_0_chain  ob_model.o
    0x08004560   0x08004560   0x00000008   Data   RO          796    .rodata._conv2_Relu_output_0_chain  ob_model.o
    0x08004568   0x08004568   0x00000008   Data   RO          789    .rodata._conv2_depthwise_Conv_output_0_chain  ob_model.o
    0x08004570   0x08004570   0x00000008   Data   RO          793    .rodata._conv2_pointwise_Conv_output_0_chain  ob_model.o
    0x08004578   0x08004578   0x00000008   Data   RO          804    .rodata._conv3_Relu_output_0_chain  ob_model.o
    0x08004580   0x08004580   0x00000008   Data   RO          797    .rodata._conv3_depthwise_Conv_output_0_chain  ob_model.o
    0x08004588   0x08004588   0x00000008   Data   RO          801    .rodata._conv3_pointwise_Conv_output_0_chain  ob_model.o
    0x08004590   0x08004590   0x00000008   Data   RO          810    .rodata._fc_Gemm_output_0_chain  ob_model.o
    0x08004598   0x08004598   0x00000008   Data   RO          806    .rodata._gap_GlobalAveragePool_output_0_chain  ob_model.o
    0x080045a0   0x080045a0   0x00000008   Data   RO          811    .rodata.prob_out_chain  ob_model.o
    0x080045a8   0x080045a8   0x00000018   PAD
    0x080045c0   0x080045c0   0x00000bc8   Data   RO          995    .rodata.s_ob_model_weights_array_u64  ob_model_data_params.o
    0x08005188   0x08005188   0x0000008d   Data   RO          692    .rodata.str1.1      infer_engine.o
    0x08005215   0x08005215   0x00000003   PAD
    0x08005218   0x08005218   0x00000020   Data   RO         2673    Region$$Table       anon$$obj.o


    Execution Region RW_RAM (Exec base: 0x20000000, Load base: 0x08005240, Size: 0x00011a68, Max: 0x00018000, ABSOLUTE, COMPRESSED[0x00000540])

    Exec Addr    Load Addr    Size         Type   Attr      Idx    E Section Name        Object

    0x20000000   COMPRESSED   0x00000004   Data   RW         2643    .data               mc_w.l(errno.o)
    0x20000004   COMPRESSED   0x00000010   Data   RW          761    .data..compoundliteral  ob_model.o
    0x20000014   COMPRESSED   0x00000010   Data   RW          980    .data..compoundliteral  ob_model_data.o
    0x20000024   COMPRESSED   0x00000010   Data   RW          982    .data..compoundliteral.1  ob_model_data.o
    0x20000034   COMPRESSED   0x00000010   Data   RW          883    .data..compoundliteral.100  ob_model.o
    0x20000044   COMPRESSED   0x00000010   Data   RW          886    .data..compoundliteral.102  ob_model.o
    0x20000054   COMPRESSED   0x00000010   Data   RW          887    .data..compoundliteral.103  ob_model.o
    0x20000064   COMPRESSED   0x00000010   Data   RW          890    .data..compoundliteral.105  ob_model.o
    0x20000074   COMPRESSED   0x00000010   Data   RW          891    .data..compoundliteral.106  ob_model.o
    0x20000084   COMPRESSED   0x00000004   Data   RW          894    .data..compoundliteral.108  ob_model.o
    0x20000088   COMPRESSED   0x00000004   Data   RW          895    .data..compoundliteral.109  ob_model.o
    0x2000008c   COMPRESSED   0x00000030   Data   RW          898    .data..compoundliteral.112  ob_model.o
    0x200000bc   COMPRESSED   0x00000010   Data   RW          899    .data..compoundliteral.113  ob_model.o
    0x200000cc   COMPRESSED   0x00000010   Data   RW          900    .data..compoundliteral.114  ob_model.o
    0x200000dc   COMPRESSED   0x00000004   Data   RW          903    .data..compoundliteral.116  ob_model.o
    0x200000e0   COMPRESSED   0x00000004   Data   RW          904    .data..compoundliteral.117  ob_model.o
    0x200000e4   COMPRESSED   0x0000000c   Data   RW          905    .data..compoundliteral.118  ob_model.o
    0x200000f0   COMPRESSED   0x00000008   Data   RW          906    .data..compoundliteral.119  ob_model.o
    0x200000f8   COMPRESSED   0x0000000c   Data   RW          769    .data..compoundliteral.12  ob_model.o
    0x20000104   COMPRESSED   0x00000030   Data   RW          907    .data..compoundliteral.120  ob_model.o
    0x20000134   COMPRESSED   0x00000010   Data   RW          908    .data..compoundliteral.121  ob_model.o
    0x20000144   COMPRESSED   0x00000010   Data   RW          909    .data..compoundliteral.122  ob_model.o
    0x20000154   COMPRESSED   0x00000010   Data   RW          912    .data..compoundliteral.124  ob_model.o
    0x20000164   COMPRESSED   0x00000010   Data   RW          913    .data..compoundliteral.125  ob_model.o
    0x20000174   COMPRESSED   0x00000010   Data   RW          916    .data..compoundliteral.127  ob_model.o
    0x20000184   COMPRESSED   0x00000010   Data   RW          917    .data..compoundliteral.128  ob_model.o
    0x20000194   COMPRESSED   0x00000004   Data   RW          770    .data..compoundliteral.13  ob_model.o
    0x20000198   COMPRESSED   0x00000010   Data   RW          920    .data..compoundliteral.130  ob_model.o
    0x200001a8   COMPRESSED   0x00000010   Data   RW          921    .data..compoundliteral.131  ob_model.o
    0x200001b8   COMPRESSED   0x00000004   Data   RW          924    .data..compoundliteral.133  ob_model.o
    0x200001bc   COMPRESSED   0x00000004   Data   RW          925    .data..compoundliteral.134  ob_model.o
    0x200001c0   COMPRESSED   0x0000000c   Data   RW          926    .data..compoundliteral.135  ob_model.o
    0x200001cc   COMPRESSED   0x00000030   Data   RW          928    .data..compoundliteral.137  ob_model.o
    0x200001fc   COMPRESSED   0x00000010   Data   RW          929    .data..compoundliteral.138  ob_model.o
    0x2000020c   COMPRESSED   0x00000010   Data   RW          930    .data..compoundliteral.139  ob_model.o
    0x2000021c   COMPRESSED   0x00000010   Data   RW          933    .data..compoundliteral.141  ob_model.o
    0x2000022c   COMPRESSED   0x00000010   Data   RW          934    .data..compoundliteral.142  ob_model.o
    0x2000023c   COMPRESSED   0x00000010   Data   RW          937    .data..compoundliteral.144  ob_model.o
    0x2000024c   COMPRESSED   0x00000010   Data   RW          938    .data..compoundliteral.145  ob_model.o
    0x2000025c   COMPRESSED   0x00000004   Data   RW          941    .data..compoundliteral.147  ob_model.o
    0x20000260   COMPRESSED   0x00000004   Data   RW          942    .data..compoundliteral.148  ob_model.o
    0x20000264   COMPRESSED   0x0000000c   Data   RW          943    .data..compoundliteral.149  ob_model.o
    0x20000270   COMPRESSED   0x00000008   Data   RW          944    .data..compoundliteral.150  ob_model.o
    0x20000278   COMPRESSED   0x00000030   Data   RW          945    .data..compoundliteral.151  ob_model.o
    0x200002a8   COMPRESSED   0x00000010   Data   RW          946    .data..compoundliteral.152  ob_model.o
    0x200002b8   COMPRESSED   0x00000010   Data   RW          947    .data..compoundliteral.153  ob_model.o
    0x200002c8   COMPRESSED   0x00000010   Data   RW          950    .data..compoundliteral.155  ob_model.o
    0x200002d8   COMPRESSED   0x00000010   Data   RW          951    .data..compoundliteral.156  ob_model.o
    0x200002e8   COMPRESSED   0x00000010   Data   RW          954    .data..compoundliteral.158  ob_model.o
    0x200002f8   COMPRESSED   0x00000010   Data   RW          955    .data..compoundliteral.159  ob_model.o
    0x20000308   COMPRESSED   0x00000010   Data   RW          958    .data..compoundliteral.161  ob_model.o
    0x20000318   COMPRESSED   0x00000010   Data   RW          959    .data..compoundliteral.162  ob_model.o
    0x20000328   COMPRESSED   0x0000000c   Data   RW          774    .data..compoundliteral.17  ob_model.o
    0x20000334   COMPRESSED   0x00000018   Data   RW          775    .data..compoundliteral.18  ob_model.o
    0x2000034c   COMPRESSED   0x00000010   Data   RW          777    .data..compoundliteral.20  ob_model.o
    0x2000035c   COMPRESSED   0x00000010   Data   RW          778    .data..compoundliteral.21  ob_model.o
    0x2000036c   COMPRESSED   0x00000010   Data   RW          781    .data..compoundliteral.23  ob_model.o
    0x2000037c   COMPRESSED   0x00000010   Data   RW          782    .data..compoundliteral.24  ob_model.o
    0x2000038c   COMPRESSED   0x00000010   Data   RW          786    .data..compoundliteral.26  ob_model.o
    0x2000039c   COMPRESSED   0x00000010   Data   RW          790    .data..compoundliteral.29  ob_model.o
    0x200003ac   COMPRESSED   0x00000010   Data   RW          798    .data..compoundliteral.33  ob_model.o
    0x200003bc   COMPRESSED   0x00000004   Data   RW          812    .data..compoundliteral.39  ob_model.o
    0x200003c0   COMPRESSED   0x00000004   Data   RW          813    .data..compoundliteral.40  ob_model.o
    0x200003c4   COMPRESSED   0x00000030   Data   RW          816    .data..compoundliteral.43  ob_model.o
    0x200003f4   COMPRESSED   0x00000010   Data   RW          817    .data..compoundliteral.44  ob_model.o
    0x20000404   COMPRESSED   0x00000010   Data   RW          818    .data..compoundliteral.45  ob_model.o
    0x20000414   COMPRESSED   0x00000004   Data   RW          821    .data..compoundliteral.47  ob_model.o
    0x20000418   COMPRESSED   0x00000004   Data   RW          822    .data..compoundliteral.48  ob_model.o
    0x2000041c   COMPRESSED   0x00000008   Data   RW          823    .data..compoundliteral.49  ob_model.o
    0x20000424   COMPRESSED   0x0000001c   Data   RW          762    .data..compoundliteral.5  ob_model.o
    0x20000440   COMPRESSED   0x00000030   Data   RW          825    .data..compoundliteral.51  ob_model.o
    0x20000470   COMPRESSED   0x00000010   Data   RW          826    .data..compoundliteral.52  ob_model.o
    0x20000480   COMPRESSED   0x00000010   Data   RW          827    .data..compoundliteral.53  ob_model.o
    0x20000490   COMPRESSED   0x00000010   Data   RW          830    .data..compoundliteral.55  ob_model.o
    0x200004a0   COMPRESSED   0x00000010   Data   RW          831    .data..compoundliteral.56  ob_model.o
    0x200004b0   COMPRESSED   0x00000010   Data   RW          834    .data..compoundliteral.58  ob_model.o
    0x200004c0   COMPRESSED   0x00000010   Data   RW          835    .data..compoundliteral.59  ob_model.o
    0x200004d0   COMPRESSED   0x00000010   Data   RW          763    .data..compoundliteral.6  ob_model.o
    0x200004e0   COMPRESSED   0x00000004   Data   RW          838    .data..compoundliteral.61  ob_model.o
    0x200004e4   COMPRESSED   0x00000004   Data   RW          839    .data..compoundliteral.62  ob_model.o
    0x200004e8   COMPRESSED   0x00000030   Data   RW          842    .data..compoundliteral.65  ob_model.o
    0x20000518   COMPRESSED   0x00000010   Data   RW          843    .data..compoundliteral.66  ob_model.o
    0x20000528   COMPRESSED   0x00000010   Data   RW          844    .data..compoundliteral.67  ob_model.o
    0x20000538   COMPRESSED   0x00000004   Data   RW          847    .data..compoundliteral.69  ob_model.o
    0x2000053c   COMPRESSED   0x0000001c   Data   RW          764    .data..compoundliteral.7  ob_model.o
    0x20000558   COMPRESSED   0x00000004   Data   RW          848    .data..compoundliteral.70  ob_model.o
    0x2000055c   COMPRESSED   0x00000030   Data   RW          851    .data..compoundliteral.73  ob_model.o
    0x2000058c   COMPRESSED   0x00000010   Data   RW          852    .data..compoundliteral.74  ob_model.o
    0x2000059c   COMPRESSED   0x00000010   Data   RW          853    .data..compoundliteral.75  ob_model.o
    0x200005ac   COMPRESSED   0x00000004   Data   RW          856    .data..compoundliteral.77  ob_model.o
    0x200005b0   COMPRESSED   0x00000004   Data   RW          857    .data..compoundliteral.78  ob_model.o
    0x200005b4   COMPRESSED   0x0000000c   Data   RW          858    .data..compoundliteral.79  ob_model.o
    0x200005c0   COMPRESSED   0x00000004   Data   RW          765    .data..compoundliteral.8  ob_model.o
    0x200005c4   COMPRESSED   0x00000008   Data   RW          859    .data..compoundliteral.80  ob_model.o
    0x200005cc   COMPRESSED   0x00000030   Data   RW          860    .data..compoundliteral.81  ob_model.o
    0x200005fc   COMPRESSED   0x00000010   Data   RW          861    .data..compoundliteral.82  ob_model.o
    0x2000060c   COMPRESSED   0x00000010   Data   RW          862    .data..compoundliteral.83  ob_model.o
    0x2000061c   COMPRESSED   0x00000010   Data   RW          865    .data..compoundliteral.85  ob_model.o
    0x2000062c   COMPRESSED   0x00000010   Data   RW          866    .data..compoundliteral.86  ob_model.o
    0x2000063c   COMPRESSED   0x00000010   Data   RW          869    .data..compoundliteral.88  ob_model.o
    0x2000064c   COMPRESSED   0x00000010   Data   RW          870    .data..compoundliteral.89  ob_model.o
    0x2000065c   COMPRESSED   0x00000010   Data   RW          873    .data..compoundliteral.91  ob_model.o
    0x2000066c   COMPRESSED   0x00000010   Data   RW          874    .data..compoundliteral.92  ob_model.o
    0x2000067c   COMPRESSED   0x00000004   Data   RW          877    .data..compoundliteral.94  ob_model.o
    0x20000680   COMPRESSED   0x00000004   Data   RW          878    .data..compoundliteral.95  ob_model.o
    0x20000684   COMPRESSED   0x0000000c   Data   RW          879    .data..compoundliteral.96  ob_model.o
    0x20000690   COMPRESSED   0x00000030   Data   RW          881    .data..compoundliteral.98  ob_model.o
    0x200006c0   COMPRESSED   0x00000010   Data   RW          882    .data..compoundliteral.99  ob_model.o
    0x200006d0   COMPRESSED   0x00000004   Data   RW          658    .data.SystemCoreClock  system_stm32f4xx.o
    0x200006d4   COMPRESSED   0x0000001c   Data   RW          953    .data._conv1_conv1_0_Conv_output_0_bias  ob_model.o
    0x200006f0   COMPRESSED   0x00000010   Data   RW          952    .data._conv1_conv1_0_Conv_output_0_bias_array  ob_model.o
    0x20000700   COMPRESSED   0x00000060   Data   RW          788    .data._conv1_conv1_0_Conv_output_0_layer  ob_model.o
    0x20000760   COMPRESSED   0x0000001c   Data   RW          932    .data._conv1_conv1_0_Conv_output_0_output  ob_model.o
    0x2000077c   COMPRESSED   0x00000010   Data   RW          931    .data._conv1_conv1_0_Conv_output_0_output_array  ob_model.o
    0x2000078c   COMPRESSED   0x0000001c   Data   RW          957    .data._conv1_conv1_0_Conv_output_0_scratch0  ob_model.o
    0x200007a8   COMPRESSED   0x00000010   Data   RW          956    .data._conv1_conv1_0_Conv_output_0_scratch0_array  ob_model.o
    0x200007b8   COMPRESSED   0x0000001c   Data   RW          961    .data._conv1_conv1_0_Conv_output_0_scratch1  ob_model.o
    0x200007d4   COMPRESSED   0x00000010   Data   RW          960    .data._conv1_conv1_0_Conv_output_0_scratch1_array  ob_model.o
    0x200007e4   COMPRESSED   0x0000001c   Data   RW          949    .data._conv1_conv1_0_Conv_output_0_weights  ob_model.o
    0x20000800   COMPRESSED   0x00000010   Data   RW          948    .data._conv1_conv1_0_Conv_output_0_weights_array  ob_model.o
    0x20000810   COMPRESSED   0x00000020   Data   RW          792    .data._conv2_Relu_output_0_layer  ob_model.o
    0x20000830   COMPRESSED   0x0000001c   Data   RW          885    .data._conv2_Relu_output_0_output  ob_model.o
    0x2000084c   COMPRESSED   0x00000010   Data   RW          884    .data._conv2_Relu_output_0_output_array  ob_model.o
    0x2000085c   COMPRESSED   0x0000001c   Data   RW          940    .data._conv2_depthwise_Conv_output_0_bias  ob_model.o
    0x20000878   COMPRESSED   0x00000010   Data   RW          939    .data._conv2_depthwise_Conv_output_0_bias_array  ob_model.o
    0x20000888   COMPRESSED   0x00000044   Data   RW          791    .data._conv2_depthwise_Conv_output_0_layer  ob_model.o
    0x200008cc   COMPRESSED   0x0000001c   Data   RW          911    .data._conv2_depthwise_Conv_output_0_output  ob_model.o
    0x200008e8   COMPRESSED   0x00000010   Data   RW          910    .data._conv2_depthwise_Conv_output_0_output_array  ob_model.o
    0x200008f8   COMPRESSED   0x0000001c   Data   RW          936    .data._conv2_depthwise_Conv_output_0_weights  ob_model.o
    0x20000914   COMPRESSED   0x00000010   Data   RW          935    .data._conv2_depthwise_Conv_output_0_weights_array  ob_model.o
    0x20000924   COMPRESSED   0x0000001c   Data   RW          919    .data._conv2_pointwise_Conv_output_0_bias  ob_model.o
    0x20000940   COMPRESSED   0x00000010   Data   RW          918    .data._conv2_pointwise_Conv_output_0_bias_array  ob_model.o
    0x20000950   COMPRESSED   0x00000044   Data   RW          795    .data._conv2_pointwise_Conv_output_0_layer  ob_model.o
    0x20000994   COMPRESSED   0x0000001c   Data   RW          902    .data._conv2_pointwise_Conv_output_0_output  ob_model.o
    0x200009b0   COMPRESSED   0x00000010   Data   RW          901    .data._conv2_pointwise_Conv_output_0_output_array  ob_model.o
    0x200009c0   COMPRESSED   0x0000001c   Data   RW          923    .data._conv2_pointwise_Conv_output_0_scratch0  ob_model.o
    0x200009dc   COMPRESSED   0x00000010   Data   RW          922    .data._conv2_pointwise_Conv_output_0_scratch0_array  ob_model.o
    0x200009ec   COMPRESSED   0x0000001c   Data   RW          915    .data._conv2_pointwise_Conv_output_0_weights  ob_model.o
    0x20000a08   COMPRESSED   0x00000010   Data   RW          914    .data._conv2_pointwise_Conv_output_0_weights_array  ob_model.o
    0x20000a18   COMPRESSED   0x00000020   Data   RW          800    .data._conv3_Relu_output_0_layer  ob_model.o
    0x20000a38   COMPRESSED   0x0000001c   Data   RW          846    .data._conv3_Relu_output_0_output  ob_model.o
    0x20000a54   COMPRESSED   0x00000010   Data   RW          845    .data._conv3_Relu_output_0_output_array  ob_model.o
    0x20000a64   COMPRESSED   0x0000001c   Data   RW          893    .data._conv3_depthwise_Conv_output_0_bias  ob_model.o
    0x20000a80   COMPRESSED   0x00000010   Data   RW          892    .data._conv3_depthwise_Conv_output_0_bias_array  ob_model.o
    0x20000a90   COMPRESSED   0x00000044   Data   RW          799    .data._conv3_depthwise_Conv_output_0_layer  ob_model.o
    0x20000ad4   COMPRESSED   0x0000001c   Data   RW          864    .data._conv3_depthwise_Conv_output_0_output  ob_model.o
    0x20000af0   COMPRESSED   0x00000010   Data   RW          863    .data._conv3_depthwise_Conv_output_0_output_array  ob_model.o
    0x20000b00   COMPRESSED   0x0000001c   Data   RW          889    .data._conv3_depthwise_Conv_output_0_weights  ob_model.o
    0x20000b1c   COMPRESSED   0x00000010   Data   RW          888    .data._conv3_depthwise_Conv_output_0_weights_array  ob_model.o
    0x20000b2c   COMPRESSED   0x0000001c   Data   RW          872    .data._conv3_pointwise_Conv_output_0_bias  ob_model.o
    0x20000b48   COMPRESSED   0x00000010   Data   RW          871    .data._conv3_pointwise_Conv_output_0_bias_array  ob_model.o
    0x20000b58   COMPRESSED   0x00000044   Data   RW          803    .data._conv3_pointwise_Conv_output_0_layer  ob_model.o
    0x20000b9c   COMPRESSED   0x0000001c   Data   RW          855    .data._conv3_pointwise_Conv_output_0_output  ob_model.o
    0x20000bb8   COMPRESSED   0x00000010   Data   RW          854    .data._conv3_pointwise_Conv_output_0_output_array  ob_model.o
    0x20000bc8   COMPRESSED   0x0000001c   Data   RW          876    .data._conv3_pointwise_Conv_output_0_scratch0  ob_model.o
    0x20000be4   COMPRESSED   0x00000010   Data   RW          875    .data._conv3_pointwise_Conv_output_0_scratch0_array  ob_model.o
    0x20000bf4   COMPRESSED   0x0000001c   Data   RW          868    .data._conv3_pointwise_Conv_output_0_weights  ob_model.o
    0x20000c10   COMPRESSED   0x00000010   Data   RW          867    .data._conv3_pointwise_Conv_output_0_weights_array  ob_model.o
    0x20000c20   COMPRESSED   0x0000001c   Data   RW          837    .data._fc_Gemm_output_0_bias  ob_model.o
    0x20000c3c   COMPRESSED   0x00000010   Data   RW          836    .data._fc_Gemm_output_0_bias_array  ob_model.o
    0x20000c4c   COMPRESSED   0x0000001c   Data   RW          805    .data._fc_Gemm_output_0_layer  ob_model.o
    0x20000c68   COMPRESSED   0x0000001c   Data   RW          820    .data._fc_Gemm_output_0_output  ob_model.o
    0x20000c84   COMPRESSED   0x00000010   Data   RW          819    .data._fc_Gemm_output_0_output_array  ob_model.o
    0x20000c94   COMPRESSED   0x0000001c   Data   RW          833    .data._fc_Gemm_output_0_weights  ob_model.o
    0x20000cb0   COMPRESSED   0x00000010   Data   RW          832    .data._fc_Gemm_output_0_weights_array  ob_model.o
    0x20000cc0   COMPRESSED   0x00000038   Data   RW          808    .data._gap_GlobalAveragePool_output_0_layer  ob_model.o
    0x20000cf8   COMPRESSED   0x0000001c   Data   RW          829    .data._gap_GlobalAveragePool_output_0_output  ob_model.o
    0x20000d14   COMPRESSED   0x00000010   Data   RW          828    .data._gap_GlobalAveragePool_output_0_output_array  ob_model.o
    0x20000d24   COMPRESSED   0x0000004c   Data   RW          776    .data.g_ob_model    ob_model.o
    0x20000d70   COMPRESSED   0x0000001c   Data   RW          981    .data.g_ob_model_data_map_activations  ob_model_data.o
    0x20000d8c   COMPRESSED   0x0000001c   Data   RW          983    .data.g_ob_model_data_map_weights  ob_model_data.o
    0x20000da8   COMPRESSED   0x0000001c   Data   RW          780    .data.input_frame_output  ob_model.o
    0x20000dc4   COMPRESSED   0x00000010   Data   RW          779    .data.input_frame_output_array  ob_model.o
    0x20000dd4   COMPRESSED   0x00000020   Data   RW          809    .data.prob_out_layer  ob_model.o
    0x20000df4   COMPRESSED   0x0000001c   Data   RW          784    .data.prob_out_output  ob_model.o
    0x20000e10   COMPRESSED   0x00000010   Data   RW          783    .data.prob_out_output_array  ob_model.o
    0x20000e20   COMPRESSED   0x00000002   Data   RW          677    .data.square_size   sensor_sim.o
    0x20000e22   COMPRESSED   0x00000001   Data   RW           23    .data.tx_flag       main.o
    0x20000e23   COMPRESSED   0x00000001   Data   RW          494    .data.uwTickFreq    stm32f4xx_hal.o
    0x20000e24   COMPRESSED   0x00000004   Data   RW          493    .data.uwTickPrio    stm32f4xx_hal.o
    0x20000e28   COMPRESSED   0x00000018   PAD
    0x20000e40        -       0x0000001c   Zero   RW          767    .bss..compoundliteral.10  ob_model.o
    0x20000e5c        -       0x00000008   Zero   RW          768    .bss..compoundliteral.11  ob_model.o
    0x20000e64        -       0x00000004   Zero   RW          896    .bss..compoundliteral.110  ob_model.o
    0x20000e68        -       0x00000004   Zero   RW          897    .bss..compoundliteral.111  ob_model.o
    0x20000e6c        -       0x00000004   Zero   RW          927    .bss..compoundliteral.136  ob_model.o
    0x20000e70        -       0x00000010   Zero   RW          771    .bss..compoundliteral.14  ob_model.o
    0x20000e80        -       0x0000001c   Zero   RW          772    .bss..compoundliteral.15  ob_model.o
    0x20000e9c        -       0x00000008   Zero   RW          773    .bss..compoundliteral.16  ob_model.o
    0x20000ea4        -       0x00000010   Zero   RW          787    .bss..compoundliteral.27  ob_model.o
    0x20000eb4        -       0x00000010   Zero   RW          794    .bss..compoundliteral.31  ob_model.o
    0x20000ec4        -       0x00000010   Zero   RW          802    .bss..compoundliteral.35  ob_model.o
    0x20000ed4        -       0x00000010   Zero   RW          807    .bss..compoundliteral.37  ob_model.o
    0x20000ee4        -       0x00000004   Zero   RW          814    .bss..compoundliteral.41  ob_model.o
    0x20000ee8        -       0x00000004   Zero   RW          815    .bss..compoundliteral.42  ob_model.o
    0x20000eec        -       0x00000004   Zero   RW          824    .bss..compoundliteral.50  ob_model.o
    0x20000ef0        -       0x00000004   Zero   RW          840    .bss..compoundliteral.63  ob_model.o
    0x20000ef4        -       0x00000004   Zero   RW          841    .bss..compoundliteral.64  ob_model.o
    0x20000ef8        -       0x00000004   Zero   RW          849    .bss..compoundliteral.71  ob_model.o
    0x20000efc        -       0x00000004   Zero   RW          850    .bss..compoundliteral.72  ob_model.o
    0x20000f00        -       0x00000010   Zero   RW          766    .bss..compoundliteral.9  ob_model.o
    0x20000f10        -       0x00000004   Zero   RW          880    .bss..compoundliteral.97  ob_model.o
    0x20000f14   COMPRESSED   0x0000000c   PAD
    0x20000f20        -       0x0000a0e4   Zero   RW          691    .bss.activations    infer_engine.o
    0x2000b004        -       0x00002400   Zero   RW          676    .bss.current_frame  sensor_sim.o
    0x2000d404        -       0x00000001   Zero   RW          720    .bss.current_state  fsm_controller.o
    0x2000d405   COMPRESSED   0x00000003   PAD
    0x2000d408        -       0x00000004   Zero   RW          963    .bss.g_ob_model_activations_map  ob_model.o
    0x2000d40c        -       0x00000004   Zero   RW          962    .bss.g_ob_model_weights_map  ob_model.o
    0x2000d410        -       0x00000008   Zero   RW           51    .bss.hcrc           crc.o
    0x2000d418        -       0x00000044   Zero   RW           66    .bss.huart2         usart.o
    0x2000d45c        -       0x00002400   Zero   RW           26    .bss.live_camera_frame  main.o
    0x2000f85c        -       0x0000000c   Zero   RW           24    .bss.my_vehicle_state  main.o
    0x2000f868        -       0x00000004   Zero   RW          690    .bss.ob_model_network  infer_engine.o
    0x2000f86c        -       0x00000001   Zero   RW           25    .bss.probability    main.o
    0x2000f86d   COMPRESSED   0x00000003   PAD
    0x2000f870        -       0x000000c8   Zero   RW          693    .bss.result_buffer  infer_engine.o
    0x2000f938        -       0x0000012c   Zero   RW           27    .bss.tx_buffer      main.o
    0x2000fa64        -       0x00000004   Zero   RW          495    .bss.uwTick         stm32f4xx_hal.o
    0x2000fa68        -       0x00002000   Zero   RW            1    STACK               startup_stm32f401xe.o


==============================================================================

Image component sizes


      Code (inc. data)   RO Data    RW Data    ZI Data      Debug   Object Name

        84          0          0          0          8       2692   crc.o
       112          4          0          0          1       1368   fsm_controller.o
        36          0          0          0          0       1468   gpio.o
       368        140        141          0      41392       4321   infer_engine.o
       578         72          0          1       9529       6947   main.o
       666          0         80       3520        220      17322   ob_model.o
        54          0         16         88          0       3275   ob_model_data.o
         0          0       3016          0          0        784   ob_model_data_params.o
        14          0          0          0          0        677   risk_calc.o
       252         56          0          2       9216       1949   sensor_sim.o
        36          8        404          0       8192        848   startup_stm32f401xe.o
       212          0          0          5          4       6870   stm32f4xx_hal.o
       194          0          0          0          0       9796   stm32f4xx_hal_cortex.o
        32          0          0          0          0       3069   stm32f4xx_hal_crc.o
       164          0          0          0          0       9713   stm32f4xx_hal_dma.o
       408          0          0          0          0       5172   stm32f4xx_hal_gpio.o
        56          0          0          0          0       1519   stm32f4xx_hal_msp.o
      1384          4          0          0          0       7503   stm32f4xx_hal_rcc.o
      1666          0          0          0          0      25499   stm32f4xx_hal_uart.o
        32          0          0          0          0       3974   stm32f4xx_it.o
        18          0         24          4          0       2772   system_stm32f4xx.o
       184          0          0          0         68       6410   usart.o

    ----------------------------------------------------------------------
      6568        284       3740       3620      68672     123948   Object Totals
         0          0         32          0          0          0   (incl. Generated)
        18          0         27          0         42          0   (incl. Padding)

    ----------------------------------------------------------------------

      Code (inc. data)   RO Data    RW Data    ZI Data      Debug   Library Member Name

        72          0          0          0          0        244   ai_datatypes_format.o
        12          0          0          0          0        116   ai_datatypes_internal.o
       122          8          0          0          0        240   ai_platform.o
       984         76        104          0          0       1824   ai_platform_interface.o
        42          0          0          0          0        348   core_common.o
      1976         16          0          0          0        896   forward_lite_conv2d_if32of32wf32.o
       424          4          0          0          0        148   forward_lite_pool_f32.o
       182          6          0          0          0        504   layers.o
      1992          6          0          0          0        932   layers_conv2d_generic_float.o
       456         12          0          0          0        652   layers_nl_generic_float.o
       490          0          0          0          0        276   layers_pool_generic_float.o
      1460         28          0          0          0        992   lite_dense_if32.o
        52          6          0          0          0        116   lite_nl_generic_float.o
       172          4          0          0          0        116   lite_nl_relu_if32of32.o
       144          0          0          0          0        132   st_int8_fill.o
       492         62         48          0          0        236   expf.o
        38          0          0          0          0        116   fpclassifyf.o
        38         12          0          0          0        348   funder.o
        86          0          0          0          0          0   __dczerorl2.o
         0          0          0          0          0          0   entry.o
         0          0          0          0          0          0   entry10a.o
         0          0          0          0          0          0   entry11a.o
         8          4          0          0          0          0   entry2.o
         4          0          0          0          0          0   entry5.o
         0          0          0          0          0          0   entry7b.o
         0          0          0          0          0          0   entry8b.o
         8          4          0          0          0          0   entry9a.o
        12          6          0          4          0         68   errno.o
        30          0          0          0          0          0   handlers.o
        48         10          0          0          0         68   init.o
         0          0          0          0          0          0   iusefp.o
        30          0          0          0          0         68   llshl.o
        32          0          0          0          0         68   llushr.o
        26          0          0          0          0         80   memcmp.o
        36          0          0          0          0         68   memcpya.o
        36          0          0          0          0        108   memseta.o
       908          8          0          0          0        424   printf6.o
        14          0          0          0          0         68   strlen.o
        44          0          0          0          0         80   uidiv.o
        98          0          0          0          0         92   uldiv.o

    ----------------------------------------------------------------------
     10588        272        152          4          0       9428   Library Totals
        20          0          0          0          0          0   (incl. Padding)

    ----------------------------------------------------------------------

      Code (inc. data)   RO Data    RW Data    ZI Data      Debug   Library Name

      8580        166        104          0          0       7536   NetworkRuntime1000_CM4_Keil.lib
       568         74         48          0          0        700   m_wm.l
      1420         32          0          4          0       1192   mc_w.l

    ----------------------------------------------------------------------
     10588        272        152          4          0       9428   Library Totals

    ----------------------------------------------------------------------

==============================================================================


      Code (inc. data)   RO Data    RW Data    ZI Data      Debug   

     17156        556       3892       3624      68672     127260   Grand Totals
     17156        556       3892       1344      68672     127260   ELF Image Totals (compressed)
     17156        556       3892       1344          0          0   ROM Totals

==============================================================================

    Total RO  Size (Code + RO Data)                21048 (  20.55kB)
    Total RW  Size (RW Data + ZI Data)             72296 (  70.60kB)
    Total ROM Size (Code + RO Data + RW Data)      22392 (  21.87kB)

==============================================================================

